Copyright 1986-2018 Xilinx, Inc. All Rights Reserved.
------------------------------------------------------------------------------------------------------
| Tool Version : Vivado v.2018.2 (win64) Build 2258646 Thu Jun 14 20:03:12 MDT 2018
| Date         : Sun Aug  9 13:40:03 2026
| Host         : DESKTOP-7G623KG running 64-bit major release  (build 9200)
| Command      : report_control_sets -verbose -file SPI_Slave_Single_Port_RAM_control_sets_placed.rpt
| Design       : SPI_Slave_Single_Port_RAM
| Device       : xc7a35ti
------------------------------------------------------------------------------------------------------

Control Set Information

Table of Contents
-----------------
1. Summary
2. Histogram
3. Flip-Flop Distribution
4. Detailed Control Set Information

1. Summary
----------

+----------------------------------------------------------+-------+
|                          Status                          | Count |
+----------------------------------------------------------+-------+
| Number of unique control sets                            |     7 |
| Unused register locations in slices containing registers |    12 |
+----------------------------------------------------------+-------+


2. Histogram
------------

+--------+--------------+
| Fanout | Control Sets |
+--------+--------------+
|      2 |            1 |
|      6 |            1 |
|      8 |            2 |
|    16+ |            3 |
+--------+--------------+


3. Flip-Flop Distribution
-------------------------

+--------------+-----------------------+------------------------+-----------------+--------------+
| Clock Enable | Synchronous Set/Reset | Asynchronous Set/Reset | Total Registers | Total Slices |
+--------------+-----------------------+------------------------+-----------------+--------------+
| No           | No                    | No                     |               6 |            3 |
| No           | No                    | Yes                    |               0 |            0 |
| No           | Yes                   | No                     |               8 |            1 |
| Yes          | No                    | No                     |               0 |            0 |
| Yes          | No                    | Yes                    |               0 |            0 |
| Yes          | Yes                   | No                     |              62 |            8 |
+--------------+-----------------------+------------------------+-----------------+--------------+


4. Detailed Control Set Information
-----------------------------------

+----------------+---------------------------------+------------------------------------------------------+------------------+----------------+
|  Clock Signal  |          Enable Signal          |                   Set/Reset Signal                   | Slice Load Count | Bel Load Count |
+----------------+---------------------------------+------------------------------------------------------+------------------+----------------+
|  clk_IBUF_BUFG | SPI_Slave_IN/MISO_i_1_n_0       | SPI_Slave_IN/FSM_sequential_current_state[2]_i_1_n_0 |                1 |              2 |
|  clk_IBUF_BUFG |                                 |                                                      |                3 |              6 |
|  clk_IBUF_BUFG |                                 | SPI_Slave_IN/FSM_sequential_current_state[2]_i_1_n_0 |                1 |              8 |
|  clk_IBUF_BUFG | SPI_Slave_IN/counter[3]_i_1_n_0 | RAM_IN1/SR[0]                                        |                2 |              8 |
|  clk_IBUF_BUFG | SPI_Slave_IN/E[0]               | RAM_IN1/SR[0]                                        |                1 |             16 |
|  clk_IBUF_BUFG | SPI_Slave_IN/rd_addr_reg[7][0]  | RAM_IN1/SR[0]                                        |                2 |             16 |
|  clk_IBUF_BUFG | SPI_Slave_IN/rx_data[9]_i_1_n_0 | RAM_IN1/SR[0]                                        |                2 |             20 |
+----------------+---------------------------------+------------------------------------------------------+------------------+----------------+


