Copyright 1986-2018 Xilinx, Inc. All Rights Reserved.
--------------------------------------------------------------------------------------------------------------------------------------------------------------------------------------------------------------------------------------------------
| Tool Version : Vivado v.2018.2 (win64) Build 2258646 Thu Jun 14 20:03:12 MDT 2018
| Date         : Sun Aug  9 13:41:16 2026
| Host         : DESKTOP-7G623KG running 64-bit major release  (build 9200)
| Command      : report_timing_summary -max_paths 10 -file SPI_Slave_Single_Port_RAM_timing_summary_routed.rpt -pb SPI_Slave_Single_Port_RAM_timing_summary_routed.pb -rpx SPI_Slave_Single_Port_RAM_timing_summary_routed.rpx -warn_on_violation
| Design       : SPI_Slave_Single_Port_RAM
| Device       : 7a35ti-cpg236
| Speed File   : -1L  PRODUCTION 1.22 2018-03-21
--------------------------------------------------------------------------------------------------------------------------------------------------------------------------------------------------------------------------------------------------

Timing Summary Report

------------------------------------------------------------------------------------------------
| Timer Settings
| --------------
------------------------------------------------------------------------------------------------

  Enable Multi Corner Analysis               :  Yes
  Enable Pessimism Removal                   :  Yes
  Pessimism Removal Resolution               :  Nearest Common Node
  Enable Input Delay Default Clock           :  No
  Enable Preset / Clear Arcs                 :  No
  Disable Flight Delays                      :  No
  Ignore I/O Paths                           :  No
  Timing Early Launch at Borrowing Latches   :  false

  Corner  Analyze    Analyze    
  Name    Max Paths  Min Paths  
  ------  ---------  ---------  
  Slow    Yes        Yes        
  Fast    Yes        Yes        



check_timing report

Table of Contents
-----------------
1. checking no_clock
2. checking constant_clock
3. checking pulse_width_clock
4. checking unconstrained_internal_endpoints
5. checking no_input_delay
6. checking no_output_delay
7. checking multiple_clock
8. checking generated_clocks
9. checking loops
10. checking partial_input_delay
11. checking partial_output_delay
12. checking latch_loops

1. checking no_clock
--------------------
 There are 0 register/latch pins with no clock.


2. checking constant_clock
--------------------------
 There are 0 register/latch pins with constant_clock.


3. checking pulse_width_clock
-----------------------------
 There are 0 register/latch pins which need pulse_width check


4. checking unconstrained_internal_endpoints
--------------------------------------------
 There are 0 pins that are not constrained for maximum delay.

 There are 0 pins that are not constrained for maximum delay due to constant clock.


5. checking no_input_delay
--------------------------
 There are 3 input ports with no input delay specified. (HIGH)

 There are 0 input ports with no input delay but user has a false path constraint.


6. checking no_output_delay
---------------------------
 There is 1 port with no output delay specified. (HIGH)

 There are 0 ports with no output delay but user has a false path constraint

 There are 0 ports with no output delay but with a timing clock defined on it or propagating through it


7. checking multiple_clock
--------------------------
 There are 0 register/latch pins with multiple clocks.


8. checking generated_clocks
----------------------------
 There are 0 generated clocks that are not connected to a clock source.


9. checking loops
-----------------
 There are 0 combinational loops in the design.


10. checking partial_input_delay
--------------------------------
 There are 0 input ports with partial input delay specified.


11. checking partial_output_delay
---------------------------------
 There are 0 ports with partial output delay specified.


12. checking latch_loops
------------------------
 There are 0 combinational latch loops in the design through latch input



------------------------------------------------------------------------------------------------
| Design Timing Summary
| ---------------------
------------------------------------------------------------------------------------------------

    WNS(ns)      TNS(ns)  TNS Failing Endpoints  TNS Total Endpoints      WHS(ns)      THS(ns)  THS Failing Endpoints  THS Total Endpoints     WPWS(ns)     TPWS(ns)  TPWS Failing Endpoints  TPWS Total Endpoints  
    -------      -------  ---------------------  -------------------      -------      -------  ---------------------  -------------------     --------     --------  ----------------------  --------------------  
      6.533        0.000                      0                   97        0.044        0.000                      0                   97        4.500        0.000                       0                    41  


All user specified timing constraints are met.


------------------------------------------------------------------------------------------------
| Clock Summary
| -------------
------------------------------------------------------------------------------------------------

Clock        Waveform(ns)       Period(ns)      Frequency(MHz)
-----        ------------       ----------      --------------
sys_clk_pin  {0.000 5.000}      10.000          100.000         


------------------------------------------------------------------------------------------------
| Intra Clock Table
| -----------------
------------------------------------------------------------------------------------------------

Clock             WNS(ns)      TNS(ns)  TNS Failing Endpoints  TNS Total Endpoints      WHS(ns)      THS(ns)  THS Failing Endpoints  THS Total Endpoints     WPWS(ns)     TPWS(ns)  TPWS Failing Endpoints  TPWS Total Endpoints  
-----             -------      -------  ---------------------  -------------------      -------      -------  ---------------------  -------------------     --------     --------  ----------------------  --------------------  
sys_clk_pin         6.533        0.000                      0                   97        0.044        0.000                      0                   97        4.500        0.000                       0                    41  


------------------------------------------------------------------------------------------------
| Inter Clock Table
| -----------------
------------------------------------------------------------------------------------------------

From Clock    To Clock          WNS(ns)      TNS(ns)  TNS Failing Endpoints  TNS Total Endpoints      WHS(ns)      THS(ns)  THS Failing Endpoints  THS Total Endpoints  
----------    --------          -------      -------  ---------------------  -------------------      -------      -------  ---------------------  -------------------  


------------------------------------------------------------------------------------------------
| Other Path Groups Table
| -----------------------
------------------------------------------------------------------------------------------------

Path Group    From Clock    To Clock          WNS(ns)      TNS(ns)  TNS Failing Endpoints  TNS Total Endpoints      WHS(ns)      THS(ns)  THS Failing Endpoints  THS Total Endpoints  
----------    ----------    --------          -------      -------  ---------------------  -------------------      -------      -------  ---------------------  -------------------  


------------------------------------------------------------------------------------------------
| Timing Details
| --------------
------------------------------------------------------------------------------------------------


---------------------------------------------------------------------------------------------------
From Clock:  sys_clk_pin
  To Clock:  sys_clk_pin

Setup :            0  Failing Endpoints,  Worst Slack        6.533ns,  Total Violation        0.000ns
Hold  :            0  Failing Endpoints,  Worst Slack        0.044ns,  Total Violation        0.000ns
PW    :            0  Failing Endpoints,  Worst Slack        4.500ns,  Total Violation        0.000ns
---------------------------------------------------------------------------------------------------


Max Delay Paths
--------------------------------------------------------------------------------------
Slack (MET) :             6.533ns  (required time - arrival time)
  Source:                 SPI_Slave_IN/dout_loaded_reg/C
                            (rising edge-triggered cell FDRE clocked by sys_clk_pin  {rise@0.000ns fall@5.000ns period=10.000ns})
  Destination:            SPI_Slave_IN/rx_data_reg[0]/CE
                            (rising edge-triggered cell FDRE clocked by sys_clk_pin  {rise@0.000ns fall@5.000ns period=10.000ns})
  Path Group:             sys_clk_pin
  Path Type:              Setup (Max at Slow Process Corner)
  Requirement:            10.000ns  (sys_clk_pin rise@10.000ns - sys_clk_pin rise@0.000ns)
  Data Path Delay:        3.200ns  (logic 0.940ns (29.371%)  route 2.260ns (70.629%))
  Logic Levels:           2  (LUT4=1 LUT5=1)
  Clock Path Skew:        -0.026ns (DCD - SCD + CPR)
    Destination Clock Delay (DCD):    4.789ns = ( 14.789 - 10.000 ) 
    Source Clock Delay      (SCD):    5.089ns
    Clock Pessimism Removal (CPR):    0.274ns
  Clock Uncertainty:      0.035ns  ((TSJ^2 + TIJ^2)^1/2 + DJ) / 2 + PE
    Total System Jitter     (TSJ):    0.071ns
    Total Input Jitter      (TIJ):    0.000ns
    Discrete Jitter          (DJ):    0.000ns
    Phase Error              (PE):    0.000ns

    Location             Delay type                Incr(ns)  Path(ns)    Netlist Resource(s)
  -------------------------------------------------------------------    -------------------
                         (clock sys_clk_pin rise edge)
                                                      0.000     0.000 r  
    W5                                                0.000     0.000 r  clk (IN)
                         net (fo=0)                   0.000     0.000    clk
    W5                   IBUF (Prop_ibuf_I_O)         1.458     1.458 r  clk_IBUF_inst/O
                         net (fo=1, routed)           1.967     3.425    clk_IBUF
    BUFGCTRL_X0Y0        BUFG (Prop_bufg_I_O)         0.096     3.521 r  clk_IBUF_BUFG_inst/O
                         net (fo=40, routed)          1.568     5.089    SPI_Slave_IN/clk_IBUF_BUFG
    SLICE_X9Y41          FDRE                                         r  SPI_Slave_IN/dout_loaded_reg/C
  -------------------------------------------------------------------    -------------------
    SLICE_X9Y41          FDRE (Prop_fdre_C_Q)         0.456     5.545 f  SPI_Slave_IN/dout_loaded_reg/Q
                         net (fo=13, routed)          1.164     6.709    SPI_Slave_IN/dout_loaded_reg_n_0
    SLICE_X8Y43          LUT4 (Prop_lut4_I3_O)        0.153     6.862 r  SPI_Slave_IN/ram_reg_i_6/O
                         net (fo=3, routed)           0.470     7.332    SPI_Slave_IN/ram_reg_i_6_n_0
    SLICE_X9Y42          LUT5 (Prop_lut5_I1_O)        0.331     7.663 r  SPI_Slave_IN/rx_data[9]_i_1/O
                         net (fo=10, routed)          0.627     8.290    SPI_Slave_IN/rx_data[9]_i_1_n_0
    SLICE_X9Y39          FDRE                                         r  SPI_Slave_IN/rx_data_reg[0]/CE
  -------------------------------------------------------------------    -------------------

                         (clock sys_clk_pin rise edge)
                                                     10.000    10.000 r  
    W5                                                0.000    10.000 r  clk (IN)
                         net (fo=0)                   0.000    10.000    clk
    W5                   IBUF (Prop_ibuf_I_O)         1.388    11.388 r  clk_IBUF_inst/O
                         net (fo=1, routed)           1.862    13.250    clk_IBUF
    BUFGCTRL_X0Y0        BUFG (Prop_bufg_I_O)         0.091    13.341 r  clk_IBUF_BUFG_inst/O
                         net (fo=40, routed)          1.448    14.789    SPI_Slave_IN/clk_IBUF_BUFG
    SLICE_X9Y39          FDRE                                         r  SPI_Slave_IN/rx_data_reg[0]/C
                         clock pessimism              0.274    15.063    
                         clock uncertainty           -0.035    15.028    
    SLICE_X9Y39          FDRE (Setup_fdre_C_CE)      -0.205    14.823    SPI_Slave_IN/rx_data_reg[0]
  -------------------------------------------------------------------
                         required time                         14.823    
                         arrival time                          -8.290    
  -------------------------------------------------------------------
                         slack                                  6.533    

Slack (MET) :             6.533ns  (required time - arrival time)
  Source:                 SPI_Slave_IN/dout_loaded_reg/C
                            (rising edge-triggered cell FDRE clocked by sys_clk_pin  {rise@0.000ns fall@5.000ns period=10.000ns})
  Destination:            SPI_Slave_IN/rx_data_reg[1]/CE
                            (rising edge-triggered cell FDRE clocked by sys_clk_pin  {rise@0.000ns fall@5.000ns period=10.000ns})
  Path Group:             sys_clk_pin
  Path Type:              Setup (Max at Slow Process Corner)
  Requirement:            10.000ns  (sys_clk_pin rise@10.000ns - sys_clk_pin rise@0.000ns)
  Data Path Delay:        3.200ns  (logic 0.940ns (29.371%)  route 2.260ns (70.629%))
  Logic Levels:           2  (LUT4=1 LUT5=1)
  Clock Path Skew:        -0.026ns (DCD - SCD + CPR)
    Destination Clock Delay (DCD):    4.789ns = ( 14.789 - 10.000 ) 
    Source Clock Delay      (SCD):    5.089ns
    Clock Pessimism Removal (CPR):    0.274ns
  Clock Uncertainty:      0.035ns  ((TSJ^2 + TIJ^2)^1/2 + DJ) / 2 + PE
    Total System Jitter     (TSJ):    0.071ns
    Total Input Jitter      (TIJ):    0.000ns
    Discrete Jitter          (DJ):    0.000ns
    Phase Error              (PE):    0.000ns

    Location             Delay type                Incr(ns)  Path(ns)    Netlist Resource(s)
  -------------------------------------------------------------------    -------------------
                         (clock sys_clk_pin rise edge)
                                                      0.000     0.000 r  
    W5                                                0.000     0.000 r  clk (IN)
                         net (fo=0)                   0.000     0.000    clk
    W5                   IBUF (Prop_ibuf_I_O)         1.458     1.458 r  clk_IBUF_inst/O
                         net (fo=1, routed)           1.967     3.425    clk_IBUF
    BUFGCTRL_X0Y0        BUFG (Prop_bufg_I_O)         0.096     3.521 r  clk_IBUF_BUFG_inst/O
                         net (fo=40, routed)          1.568     5.089    SPI_Slave_IN/clk_IBUF_BUFG
    SLICE_X9Y41          FDRE                                         r  SPI_Slave_IN/dout_loaded_reg/C
  -------------------------------------------------------------------    -------------------
    SLICE_X9Y41          FDRE (Prop_fdre_C_Q)         0.456     5.545 f  SPI_Slave_IN/dout_loaded_reg/Q
                         net (fo=13, routed)          1.164     6.709    SPI_Slave_IN/dout_loaded_reg_n_0
    SLICE_X8Y43          LUT4 (Prop_lut4_I3_O)        0.153     6.862 r  SPI_Slave_IN/ram_reg_i_6/O
                         net (fo=3, routed)           0.470     7.332    SPI_Slave_IN/ram_reg_i_6_n_0
    SLICE_X9Y42          LUT5 (Prop_lut5_I1_O)        0.331     7.663 r  SPI_Slave_IN/rx_data[9]_i_1/O
                         net (fo=10, routed)          0.627     8.290    SPI_Slave_IN/rx_data[9]_i_1_n_0
    SLICE_X9Y39          FDRE                                         r  SPI_Slave_IN/rx_data_reg[1]/CE
  -------------------------------------------------------------------    -------------------

                         (clock sys_clk_pin rise edge)
                                                     10.000    10.000 r  
    W5                                                0.000    10.000 r  clk (IN)
                         net (fo=0)                   0.000    10.000    clk
    W5                   IBUF (Prop_ibuf_I_O)         1.388    11.388 r  clk_IBUF_inst/O
                         net (fo=1, routed)           1.862    13.250    clk_IBUF
    BUFGCTRL_X0Y0        BUFG (Prop_bufg_I_O)         0.091    13.341 r  clk_IBUF_BUFG_inst/O
                         net (fo=40, routed)          1.448    14.789    SPI_Slave_IN/clk_IBUF_BUFG
    SLICE_X9Y39          FDRE                                         r  SPI_Slave_IN/rx_data_reg[1]/C
                         clock pessimism              0.274    15.063    
                         clock uncertainty           -0.035    15.028    
    SLICE_X9Y39          FDRE (Setup_fdre_C_CE)      -0.205    14.823    SPI_Slave_IN/rx_data_reg[1]
  -------------------------------------------------------------------
                         required time                         14.823    
                         arrival time                          -8.290    
  -------------------------------------------------------------------
                         slack                                  6.533    

Slack (MET) :             6.533ns  (required time - arrival time)
  Source:                 SPI_Slave_IN/dout_loaded_reg/C
                            (rising edge-triggered cell FDRE clocked by sys_clk_pin  {rise@0.000ns fall@5.000ns period=10.000ns})
  Destination:            SPI_Slave_IN/rx_data_reg[2]/CE
                            (rising edge-triggered cell FDRE clocked by sys_clk_pin  {rise@0.000ns fall@5.000ns period=10.000ns})
  Path Group:             sys_clk_pin
  Path Type:              Setup (Max at Slow Process Corner)
  Requirement:            10.000ns  (sys_clk_pin rise@10.000ns - sys_clk_pin rise@0.000ns)
  Data Path Delay:        3.200ns  (logic 0.940ns (29.371%)  route 2.260ns (70.629%))
  Logic Levels:           2  (LUT4=1 LUT5=1)
  Clock Path Skew:        -0.026ns (DCD - SCD + CPR)
    Destination Clock Delay (DCD):    4.789ns = ( 14.789 - 10.000 ) 
    Source Clock Delay      (SCD):    5.089ns
    Clock Pessimism Removal (CPR):    0.274ns
  Clock Uncertainty:      0.035ns  ((TSJ^2 + TIJ^2)^1/2 + DJ) / 2 + PE
    Total System Jitter     (TSJ):    0.071ns
    Total Input Jitter      (TIJ):    0.000ns
    Discrete Jitter          (DJ):    0.000ns
    Phase Error              (PE):    0.000ns

    Location             Delay type                Incr(ns)  Path(ns)    Netlist Resource(s)
  -------------------------------------------------------------------    -------------------
                         (clock sys_clk_pin rise edge)
                                                      0.000     0.000 r  
    W5                                                0.000     0.000 r  clk (IN)
                         net (fo=0)                   0.000     0.000    clk
    W5                   IBUF (Prop_ibuf_I_O)         1.458     1.458 r  clk_IBUF_inst/O
                         net (fo=1, routed)           1.967     3.425    clk_IBUF
    BUFGCTRL_X0Y0        BUFG (Prop_bufg_I_O)         0.096     3.521 r  clk_IBUF_BUFG_inst/O
                         net (fo=40, routed)          1.568     5.089    SPI_Slave_IN/clk_IBUF_BUFG
    SLICE_X9Y41          FDRE                                         r  SPI_Slave_IN/dout_loaded_reg/C
  -------------------------------------------------------------------    -------------------
    SLICE_X9Y41          FDRE (Prop_fdre_C_Q)         0.456     5.545 f  SPI_Slave_IN/dout_loaded_reg/Q
                         net (fo=13, routed)          1.164     6.709    SPI_Slave_IN/dout_loaded_reg_n_0
    SLICE_X8Y43          LUT4 (Prop_lut4_I3_O)        0.153     6.862 r  SPI_Slave_IN/ram_reg_i_6/O
                         net (fo=3, routed)           0.470     7.332    SPI_Slave_IN/ram_reg_i_6_n_0
    SLICE_X9Y42          LUT5 (Prop_lut5_I1_O)        0.331     7.663 r  SPI_Slave_IN/rx_data[9]_i_1/O
                         net (fo=10, routed)          0.627     8.290    SPI_Slave_IN/rx_data[9]_i_1_n_0
    SLICE_X9Y39          FDRE                                         r  SPI_Slave_IN/rx_data_reg[2]/CE
  -------------------------------------------------------------------    -------------------

                         (clock sys_clk_pin rise edge)
                                                     10.000    10.000 r  
    W5                                                0.000    10.000 r  clk (IN)
                         net (fo=0)                   0.000    10.000    clk
    W5                   IBUF (Prop_ibuf_I_O)         1.388    11.388 r  clk_IBUF_inst/O
                         net (fo=1, routed)           1.862    13.250    clk_IBUF
    BUFGCTRL_X0Y0        BUFG (Prop_bufg_I_O)         0.091    13.341 r  clk_IBUF_BUFG_inst/O
                         net (fo=40, routed)          1.448    14.789    SPI_Slave_IN/clk_IBUF_BUFG
    SLICE_X9Y39          FDRE                                         r  SPI_Slave_IN/rx_data_reg[2]/C
                         clock pessimism              0.274    15.063    
                         clock uncertainty           -0.035    15.028    
    SLICE_X9Y39          FDRE (Setup_fdre_C_CE)      -0.205    14.823    SPI_Slave_IN/rx_data_reg[2]
  -------------------------------------------------------------------
                         required time                         14.823    
                         arrival time                          -8.290    
  -------------------------------------------------------------------
                         slack                                  6.533    

Slack (MET) :             6.533ns  (required time - arrival time)
  Source:                 SPI_Slave_IN/dout_loaded_reg/C
                            (rising edge-triggered cell FDRE clocked by sys_clk_pin  {rise@0.000ns fall@5.000ns period=10.000ns})
  Destination:            SPI_Slave_IN/rx_data_reg[3]/CE
                            (rising edge-triggered cell FDRE clocked by sys_clk_pin  {rise@0.000ns fall@5.000ns period=10.000ns})
  Path Group:             sys_clk_pin
  Path Type:              Setup (Max at Slow Process Corner)
  Requirement:            10.000ns  (sys_clk_pin rise@10.000ns - sys_clk_pin rise@0.000ns)
  Data Path Delay:        3.200ns  (logic 0.940ns (29.371%)  route 2.260ns (70.629%))
  Logic Levels:           2  (LUT4=1 LUT5=1)
  Clock Path Skew:        -0.026ns (DCD - SCD + CPR)
    Destination Clock Delay (DCD):    4.789ns = ( 14.789 - 10.000 ) 
    Source Clock Delay      (SCD):    5.089ns
    Clock Pessimism Removal (CPR):    0.274ns
  Clock Uncertainty:      0.035ns  ((TSJ^2 + TIJ^2)^1/2 + DJ) / 2 + PE
    Total System Jitter     (TSJ):    0.071ns
    Total Input Jitter      (TIJ):    0.000ns
    Discrete Jitter          (DJ):    0.000ns
    Phase Error              (PE):    0.000ns

    Location             Delay type                Incr(ns)  Path(ns)    Netlist Resource(s)
  -------------------------------------------------------------------    -------------------
                         (clock sys_clk_pin rise edge)
                                                      0.000     0.000 r  
    W5                                                0.000     0.000 r  clk (IN)
                         net (fo=0)                   0.000     0.000    clk
    W5                   IBUF (Prop_ibuf_I_O)         1.458     1.458 r  clk_IBUF_inst/O
                         net (fo=1, routed)           1.967     3.425    clk_IBUF
    BUFGCTRL_X0Y0        BUFG (Prop_bufg_I_O)         0.096     3.521 r  clk_IBUF_BUFG_inst/O
                         net (fo=40, routed)          1.568     5.089    SPI_Slave_IN/clk_IBUF_BUFG
    SLICE_X9Y41          FDRE                                         r  SPI_Slave_IN/dout_loaded_reg/C
  -------------------------------------------------------------------    -------------------
    SLICE_X9Y41          FDRE (Prop_fdre_C_Q)         0.456     5.545 f  SPI_Slave_IN/dout_loaded_reg/Q
                         net (fo=13, routed)          1.164     6.709    SPI_Slave_IN/dout_loaded_reg_n_0
    SLICE_X8Y43          LUT4 (Prop_lut4_I3_O)        0.153     6.862 r  SPI_Slave_IN/ram_reg_i_6/O
                         net (fo=3, routed)           0.470     7.332    SPI_Slave_IN/ram_reg_i_6_n_0
    SLICE_X9Y42          LUT5 (Prop_lut5_I1_O)        0.331     7.663 r  SPI_Slave_IN/rx_data[9]_i_1/O
                         net (fo=10, routed)          0.627     8.290    SPI_Slave_IN/rx_data[9]_i_1_n_0
    SLICE_X9Y39          FDRE                                         r  SPI_Slave_IN/rx_data_reg[3]/CE
  -------------------------------------------------------------------    -------------------

                         (clock sys_clk_pin rise edge)
                                                     10.000    10.000 r  
    W5                                                0.000    10.000 r  clk (IN)
                         net (fo=0)                   0.000    10.000    clk
    W5                   IBUF (Prop_ibuf_I_O)         1.388    11.388 r  clk_IBUF_inst/O
                         net (fo=1, routed)           1.862    13.250    clk_IBUF
    BUFGCTRL_X0Y0        BUFG (Prop_bufg_I_O)         0.091    13.341 r  clk_IBUF_BUFG_inst/O
                         net (fo=40, routed)          1.448    14.789    SPI_Slave_IN/clk_IBUF_BUFG
    SLICE_X9Y39          FDRE                                         r  SPI_Slave_IN/rx_data_reg[3]/C
                         clock pessimism              0.274    15.063    
                         clock uncertainty           -0.035    15.028    
    SLICE_X9Y39          FDRE (Setup_fdre_C_CE)      -0.205    14.823    SPI_Slave_IN/rx_data_reg[3]
  -------------------------------------------------------------------
                         required time                         14.823    
                         arrival time                          -8.290    
  -------------------------------------------------------------------
                         slack                                  6.533    

Slack (MET) :             6.533ns  (required time - arrival time)
  Source:                 SPI_Slave_IN/dout_loaded_reg/C
                            (rising edge-triggered cell FDRE clocked by sys_clk_pin  {rise@0.000ns fall@5.000ns period=10.000ns})
  Destination:            SPI_Slave_IN/rx_data_reg[4]/CE
                            (rising edge-triggered cell FDRE clocked by sys_clk_pin  {rise@0.000ns fall@5.000ns period=10.000ns})
  Path Group:             sys_clk_pin
  Path Type:              Setup (Max at Slow Process Corner)
  Requirement:            10.000ns  (sys_clk_pin rise@10.000ns - sys_clk_pin rise@0.000ns)
  Data Path Delay:        3.200ns  (logic 0.940ns (29.371%)  route 2.260ns (70.629%))
  Logic Levels:           2  (LUT4=1 LUT5=1)
  Clock Path Skew:        -0.026ns (DCD - SCD + CPR)
    Destination Clock Delay (DCD):    4.789ns = ( 14.789 - 10.000 ) 
    Source Clock Delay      (SCD):    5.089ns
    Clock Pessimism Removal (CPR):    0.274ns
  Clock Uncertainty:      0.035ns  ((TSJ^2 + TIJ^2)^1/2 + DJ) / 2 + PE
    Total System Jitter     (TSJ):    0.071ns
    Total Input Jitter      (TIJ):    0.000ns
    Discrete Jitter          (DJ):    0.000ns
    Phase Error              (PE):    0.000ns

    Location             Delay type                Incr(ns)  Path(ns)    Netlist Resource(s)
  -------------------------------------------------------------------    -------------------
                         (clock sys_clk_pin rise edge)
                                                      0.000     0.000 r  
    W5                                                0.000     0.000 r  clk (IN)
                         net (fo=0)                   0.000     0.000    clk
    W5                   IBUF (Prop_ibuf_I_O)         1.458     1.458 r  clk_IBUF_inst/O
                         net (fo=1, routed)           1.967     3.425    clk_IBUF
    BUFGCTRL_X0Y0        BUFG (Prop_bufg_I_O)         0.096     3.521 r  clk_IBUF_BUFG_inst/O
                         net (fo=40, routed)          1.568     5.089    SPI_Slave_IN/clk_IBUF_BUFG
    SLICE_X9Y41          FDRE                                         r  SPI_Slave_IN/dout_loaded_reg/C
  -------------------------------------------------------------------    -------------------
    SLICE_X9Y41          FDRE (Prop_fdre_C_Q)         0.456     5.545 f  SPI_Slave_IN/dout_loaded_reg/Q
                         net (fo=13, routed)          1.164     6.709    SPI_Slave_IN/dout_loaded_reg_n_0
    SLICE_X8Y43          LUT4 (Prop_lut4_I3_O)        0.153     6.862 r  SPI_Slave_IN/ram_reg_i_6/O
                         net (fo=3, routed)           0.470     7.332    SPI_Slave_IN/ram_reg_i_6_n_0
    SLICE_X9Y42          LUT5 (Prop_lut5_I1_O)        0.331     7.663 r  SPI_Slave_IN/rx_data[9]_i_1/O
                         net (fo=10, routed)          0.627     8.290    SPI_Slave_IN/rx_data[9]_i_1_n_0
    SLICE_X9Y39          FDRE                                         r  SPI_Slave_IN/rx_data_reg[4]/CE
  -------------------------------------------------------------------    -------------------

                         (clock sys_clk_pin rise edge)
                                                     10.000    10.000 r  
    W5                                                0.000    10.000 r  clk (IN)
                         net (fo=0)                   0.000    10.000    clk
    W5                   IBUF (Prop_ibuf_I_O)         1.388    11.388 r  clk_IBUF_inst/O
                         net (fo=1, routed)           1.862    13.250    clk_IBUF
    BUFGCTRL_X0Y0        BUFG (Prop_bufg_I_O)         0.091    13.341 r  clk_IBUF_BUFG_inst/O
                         net (fo=40, routed)          1.448    14.789    SPI_Slave_IN/clk_IBUF_BUFG
    SLICE_X9Y39          FDRE                                         r  SPI_Slave_IN/rx_data_reg[4]/C
                         clock pessimism              0.274    15.063    
                         clock uncertainty           -0.035    15.028    
    SLICE_X9Y39          FDRE (Setup_fdre_C_CE)      -0.205    14.823    SPI_Slave_IN/rx_data_reg[4]
  -------------------------------------------------------------------
                         required time                         14.823    
                         arrival time                          -8.290    
  -------------------------------------------------------------------
                         slack                                  6.533    

Slack (MET) :             6.533ns  (required time - arrival time)
  Source:                 SPI_Slave_IN/dout_loaded_reg/C
                            (rising edge-triggered cell FDRE clocked by sys_clk_pin  {rise@0.000ns fall@5.000ns period=10.000ns})
  Destination:            SPI_Slave_IN/rx_data_reg[5]/CE
                            (rising edge-triggered cell FDRE clocked by sys_clk_pin  {rise@0.000ns fall@5.000ns period=10.000ns})
  Path Group:             sys_clk_pin
  Path Type:              Setup (Max at Slow Process Corner)
  Requirement:            10.000ns  (sys_clk_pin rise@10.000ns - sys_clk_pin rise@0.000ns)
  Data Path Delay:        3.200ns  (logic 0.940ns (29.371%)  route 2.260ns (70.629%))
  Logic Levels:           2  (LUT4=1 LUT5=1)
  Clock Path Skew:        -0.026ns (DCD - SCD + CPR)
    Destination Clock Delay (DCD):    4.789ns = ( 14.789 - 10.000 ) 
    Source Clock Delay      (SCD):    5.089ns
    Clock Pessimism Removal (CPR):    0.274ns
  Clock Uncertainty:      0.035ns  ((TSJ^2 + TIJ^2)^1/2 + DJ) / 2 + PE
    Total System Jitter     (TSJ):    0.071ns
    Total Input Jitter      (TIJ):    0.000ns
    Discrete Jitter          (DJ):    0.000ns
    Phase Error              (PE):    0.000ns

    Location             Delay type                Incr(ns)  Path(ns)    Netlist Resource(s)
  -------------------------------------------------------------------    -------------------
                         (clock sys_clk_pin rise edge)
                                                      0.000     0.000 r  
    W5                                                0.000     0.000 r  clk (IN)
                         net (fo=0)                   0.000     0.000    clk
    W5                   IBUF (Prop_ibuf_I_O)         1.458     1.458 r  clk_IBUF_inst/O
                         net (fo=1, routed)           1.967     3.425    clk_IBUF
    BUFGCTRL_X0Y0        BUFG (Prop_bufg_I_O)         0.096     3.521 r  clk_IBUF_BUFG_inst/O
                         net (fo=40, routed)          1.568     5.089    SPI_Slave_IN/clk_IBUF_BUFG
    SLICE_X9Y41          FDRE                                         r  SPI_Slave_IN/dout_loaded_reg/C
  -------------------------------------------------------------------    -------------------
    SLICE_X9Y41          FDRE (Prop_fdre_C_Q)         0.456     5.545 f  SPI_Slave_IN/dout_loaded_reg/Q
                         net (fo=13, routed)          1.164     6.709    SPI_Slave_IN/dout_loaded_reg_n_0
    SLICE_X8Y43          LUT4 (Prop_lut4_I3_O)        0.153     6.862 r  SPI_Slave_IN/ram_reg_i_6/O
                         net (fo=3, routed)           0.470     7.332    SPI_Slave_IN/ram_reg_i_6_n_0
    SLICE_X9Y42          LUT5 (Prop_lut5_I1_O)        0.331     7.663 r  SPI_Slave_IN/rx_data[9]_i_1/O
                         net (fo=10, routed)          0.627     8.290    SPI_Slave_IN/rx_data[9]_i_1_n_0
    SLICE_X9Y39          FDRE                                         r  SPI_Slave_IN/rx_data_reg[5]/CE
  -------------------------------------------------------------------    -------------------

                         (clock sys_clk_pin rise edge)
                                                     10.000    10.000 r  
    W5                                                0.000    10.000 r  clk (IN)
                         net (fo=0)                   0.000    10.000    clk
    W5                   IBUF (Prop_ibuf_I_O)         1.388    11.388 r  clk_IBUF_inst/O
                         net (fo=1, routed)           1.862    13.250    clk_IBUF
    BUFGCTRL_X0Y0        BUFG (Prop_bufg_I_O)         0.091    13.341 r  clk_IBUF_BUFG_inst/O
                         net (fo=40, routed)          1.448    14.789    SPI_Slave_IN/clk_IBUF_BUFG
    SLICE_X9Y39          FDRE                                         r  SPI_Slave_IN/rx_data_reg[5]/C
                         clock pessimism              0.274    15.063    
                         clock uncertainty           -0.035    15.028    
    SLICE_X9Y39          FDRE (Setup_fdre_C_CE)      -0.205    14.823    SPI_Slave_IN/rx_data_reg[5]
  -------------------------------------------------------------------
                         required time                         14.823    
                         arrival time                          -8.290    
  -------------------------------------------------------------------
                         slack                                  6.533    

Slack (MET) :             6.533ns  (required time - arrival time)
  Source:                 SPI_Slave_IN/dout_loaded_reg/C
                            (rising edge-triggered cell FDRE clocked by sys_clk_pin  {rise@0.000ns fall@5.000ns period=10.000ns})
  Destination:            SPI_Slave_IN/rx_data_reg[6]/CE
                            (rising edge-triggered cell FDRE clocked by sys_clk_pin  {rise@0.000ns fall@5.000ns period=10.000ns})
  Path Group:             sys_clk_pin
  Path Type:              Setup (Max at Slow Process Corner)
  Requirement:            10.000ns  (sys_clk_pin rise@10.000ns - sys_clk_pin rise@0.000ns)
  Data Path Delay:        3.200ns  (logic 0.940ns (29.371%)  route 2.260ns (70.629%))
  Logic Levels:           2  (LUT4=1 LUT5=1)
  Clock Path Skew:        -0.026ns (DCD - SCD + CPR)
    Destination Clock Delay (DCD):    4.789ns = ( 14.789 - 10.000 ) 
    Source Clock Delay      (SCD):    5.089ns
    Clock Pessimism Removal (CPR):    0.274ns
  Clock Uncertainty:      0.035ns  ((TSJ^2 + TIJ^2)^1/2 + DJ) / 2 + PE
    Total System Jitter     (TSJ):    0.071ns
    Total Input Jitter      (TIJ):    0.000ns
    Discrete Jitter          (DJ):    0.000ns
    Phase Error              (PE):    0.000ns

    Location             Delay type                Incr(ns)  Path(ns)    Netlist Resource(s)
  -------------------------------------------------------------------    -------------------
                         (clock sys_clk_pin rise edge)
                                                      0.000     0.000 r  
    W5                                                0.000     0.000 r  clk (IN)
                         net (fo=0)                   0.000     0.000    clk
    W5                   IBUF (Prop_ibuf_I_O)         1.458     1.458 r  clk_IBUF_inst/O
                         net (fo=1, routed)           1.967     3.425    clk_IBUF
    BUFGCTRL_X0Y0        BUFG (Prop_bufg_I_O)         0.096     3.521 r  clk_IBUF_BUFG_inst/O
                         net (fo=40, routed)          1.568     5.089    SPI_Slave_IN/clk_IBUF_BUFG
    SLICE_X9Y41          FDRE                                         r  SPI_Slave_IN/dout_loaded_reg/C
  -------------------------------------------------------------------    -------------------
    SLICE_X9Y41          FDRE (Prop_fdre_C_Q)         0.456     5.545 f  SPI_Slave_IN/dout_loaded_reg/Q
                         net (fo=13, routed)          1.164     6.709    SPI_Slave_IN/dout_loaded_reg_n_0
    SLICE_X8Y43          LUT4 (Prop_lut4_I3_O)        0.153     6.862 r  SPI_Slave_IN/ram_reg_i_6/O
                         net (fo=3, routed)           0.470     7.332    SPI_Slave_IN/ram_reg_i_6_n_0
    SLICE_X9Y42          LUT5 (Prop_lut5_I1_O)        0.331     7.663 r  SPI_Slave_IN/rx_data[9]_i_1/O
                         net (fo=10, routed)          0.627     8.290    SPI_Slave_IN/rx_data[9]_i_1_n_0
    SLICE_X9Y39          FDRE                                         r  SPI_Slave_IN/rx_data_reg[6]/CE
  -------------------------------------------------------------------    -------------------

                         (clock sys_clk_pin rise edge)
                                                     10.000    10.000 r  
    W5                                                0.000    10.000 r  clk (IN)
                         net (fo=0)                   0.000    10.000    clk
    W5                   IBUF (Prop_ibuf_I_O)         1.388    11.388 r  clk_IBUF_inst/O
                         net (fo=1, routed)           1.862    13.250    clk_IBUF
    BUFGCTRL_X0Y0        BUFG (Prop_bufg_I_O)         0.091    13.341 r  clk_IBUF_BUFG_inst/O
                         net (fo=40, routed)          1.448    14.789    SPI_Slave_IN/clk_IBUF_BUFG
    SLICE_X9Y39          FDRE                                         r  SPI_Slave_IN/rx_data_reg[6]/C
                         clock pessimism              0.274    15.063    
                         clock uncertainty           -0.035    15.028    
    SLICE_X9Y39          FDRE (Setup_fdre_C_CE)      -0.205    14.823    SPI_Slave_IN/rx_data_reg[6]
  -------------------------------------------------------------------
                         required time                         14.823    
                         arrival time                          -8.290    
  -------------------------------------------------------------------
                         slack                                  6.533    

Slack (MET) :             6.533ns  (required time - arrival time)
  Source:                 SPI_Slave_IN/dout_loaded_reg/C
                            (rising edge-triggered cell FDRE clocked by sys_clk_pin  {rise@0.000ns fall@5.000ns period=10.000ns})
  Destination:            SPI_Slave_IN/rx_data_reg[7]/CE
                            (rising edge-triggered cell FDRE clocked by sys_clk_pin  {rise@0.000ns fall@5.000ns period=10.000ns})
  Path Group:             sys_clk_pin
  Path Type:              Setup (Max at Slow Process Corner)
  Requirement:            10.000ns  (sys_clk_pin rise@10.000ns - sys_clk_pin rise@0.000ns)
  Data Path Delay:        3.200ns  (logic 0.940ns (29.371%)  route 2.260ns (70.629%))
  Logic Levels:           2  (LUT4=1 LUT5=1)
  Clock Path Skew:        -0.026ns (DCD - SCD + CPR)
    Destination Clock Delay (DCD):    4.789ns = ( 14.789 - 10.000 ) 
    Source Clock Delay      (SCD):    5.089ns
    Clock Pessimism Removal (CPR):    0.274ns
  Clock Uncertainty:      0.035ns  ((TSJ^2 + TIJ^2)^1/2 + DJ) / 2 + PE
    Total System Jitter     (TSJ):    0.071ns
    Total Input Jitter      (TIJ):    0.000ns
    Discrete Jitter          (DJ):    0.000ns
    Phase Error              (PE):    0.000ns

    Location             Delay type                Incr(ns)  Path(ns)    Netlist Resource(s)
  -------------------------------------------------------------------    -------------------
                         (clock sys_clk_pin rise edge)
                                                      0.000     0.000 r  
    W5                                                0.000     0.000 r  clk (IN)
                         net (fo=0)                   0.000     0.000    clk
    W5                   IBUF (Prop_ibuf_I_O)         1.458     1.458 r  clk_IBUF_inst/O
                         net (fo=1, routed)           1.967     3.425    clk_IBUF
    BUFGCTRL_X0Y0        BUFG (Prop_bufg_I_O)         0.096     3.521 r  clk_IBUF_BUFG_inst/O
                         net (fo=40, routed)          1.568     5.089    SPI_Slave_IN/clk_IBUF_BUFG
    SLICE_X9Y41          FDRE                                         r  SPI_Slave_IN/dout_loaded_reg/C
  -------------------------------------------------------------------    -------------------
    SLICE_X9Y41          FDRE (Prop_fdre_C_Q)         0.456     5.545 f  SPI_Slave_IN/dout_loaded_reg/Q
                         net (fo=13, routed)          1.164     6.709    SPI_Slave_IN/dout_loaded_reg_n_0
    SLICE_X8Y43          LUT4 (Prop_lut4_I3_O)        0.153     6.862 r  SPI_Slave_IN/ram_reg_i_6/O
                         net (fo=3, routed)           0.470     7.332    SPI_Slave_IN/ram_reg_i_6_n_0
    SLICE_X9Y42          LUT5 (Prop_lut5_I1_O)        0.331     7.663 r  SPI_Slave_IN/rx_data[9]_i_1/O
                         net (fo=10, routed)          0.627     8.290    SPI_Slave_IN/rx_data[9]_i_1_n_0
    SLICE_X9Y39          FDRE                                         r  SPI_Slave_IN/rx_data_reg[7]/CE
  -------------------------------------------------------------------    -------------------

                         (clock sys_clk_pin rise edge)
                                                     10.000    10.000 r  
    W5                                                0.000    10.000 r  clk (IN)
                         net (fo=0)                   0.000    10.000    clk
    W5                   IBUF (Prop_ibuf_I_O)         1.388    11.388 r  clk_IBUF_inst/O
                         net (fo=1, routed)           1.862    13.250    clk_IBUF
    BUFGCTRL_X0Y0        BUFG (Prop_bufg_I_O)         0.091    13.341 r  clk_IBUF_BUFG_inst/O
                         net (fo=40, routed)          1.448    14.789    SPI_Slave_IN/clk_IBUF_BUFG
    SLICE_X9Y39          FDRE                                         r  SPI_Slave_IN/rx_data_reg[7]/C
                         clock pessimism              0.274    15.063    
                         clock uncertainty           -0.035    15.028    
    SLICE_X9Y39          FDRE (Setup_fdre_C_CE)      -0.205    14.823    SPI_Slave_IN/rx_data_reg[7]
  -------------------------------------------------------------------
                         required time                         14.823    
                         arrival time                          -8.290    
  -------------------------------------------------------------------
                         slack                                  6.533    

Slack (MET) :             6.574ns  (required time - arrival time)
  Source:                 SPI_Slave_IN/dout_loaded_reg/C
                            (rising edge-triggered cell FDRE clocked by sys_clk_pin  {rise@0.000ns fall@5.000ns period=10.000ns})
  Destination:            SPI_Slave_IN/rx_data_reg[8]/CE
                            (rising edge-triggered cell FDRE clocked by sys_clk_pin  {rise@0.000ns fall@5.000ns period=10.000ns})
  Path Group:             sys_clk_pin
  Path Type:              Setup (Max at Slow Process Corner)
  Requirement:            10.000ns  (sys_clk_pin rise@10.000ns - sys_clk_pin rise@0.000ns)
  Data Path Delay:        3.196ns  (logic 0.940ns (29.407%)  route 2.256ns (70.593%))
  Logic Levels:           2  (LUT4=1 LUT5=1)
  Clock Path Skew:        -0.025ns (DCD - SCD + CPR)
    Destination Clock Delay (DCD):    4.790ns = ( 14.790 - 10.000 ) 
    Source Clock Delay      (SCD):    5.089ns
    Clock Pessimism Removal (CPR):    0.274ns
  Clock Uncertainty:      0.035ns  ((TSJ^2 + TIJ^2)^1/2 + DJ) / 2 + PE
    Total System Jitter     (TSJ):    0.071ns
    Total Input Jitter      (TIJ):    0.000ns
    Discrete Jitter          (DJ):    0.000ns
    Phase Error              (PE):    0.000ns

    Location             Delay type                Incr(ns)  Path(ns)    Netlist Resource(s)
  -------------------------------------------------------------------    -------------------
                         (clock sys_clk_pin rise edge)
                                                      0.000     0.000 r  
    W5                                                0.000     0.000 r  clk (IN)
                         net (fo=0)                   0.000     0.000    clk
    W5                   IBUF (Prop_ibuf_I_O)         1.458     1.458 r  clk_IBUF_inst/O
                         net (fo=1, routed)           1.967     3.425    clk_IBUF
    BUFGCTRL_X0Y0        BUFG (Prop_bufg_I_O)         0.096     3.521 r  clk_IBUF_BUFG_inst/O
                         net (fo=40, routed)          1.568     5.089    SPI_Slave_IN/clk_IBUF_BUFG
    SLICE_X9Y41          FDRE                                         r  SPI_Slave_IN/dout_loaded_reg/C
  -------------------------------------------------------------------    -------------------
    SLICE_X9Y41          FDRE (Prop_fdre_C_Q)         0.456     5.545 f  SPI_Slave_IN/dout_loaded_reg/Q
                         net (fo=13, routed)          1.164     6.709    SPI_Slave_IN/dout_loaded_reg_n_0
    SLICE_X8Y43          LUT4 (Prop_lut4_I3_O)        0.153     6.862 r  SPI_Slave_IN/ram_reg_i_6/O
                         net (fo=3, routed)           0.470     7.332    SPI_Slave_IN/ram_reg_i_6_n_0
    SLICE_X9Y42          LUT5 (Prop_lut5_I1_O)        0.331     7.663 r  SPI_Slave_IN/rx_data[9]_i_1/O
                         net (fo=10, routed)          0.623     8.286    SPI_Slave_IN/rx_data[9]_i_1_n_0
    SLICE_X8Y42          FDRE                                         r  SPI_Slave_IN/rx_data_reg[8]/CE
  -------------------------------------------------------------------    -------------------

                         (clock sys_clk_pin rise edge)
                                                     10.000    10.000 r  
    W5                                                0.000    10.000 r  clk (IN)
                         net (fo=0)                   0.000    10.000    clk
    W5                   IBUF (Prop_ibuf_I_O)         1.388    11.388 r  clk_IBUF_inst/O
                         net (fo=1, routed)           1.862    13.250    clk_IBUF
    BUFGCTRL_X0Y0        BUFG (Prop_bufg_I_O)         0.091    13.341 r  clk_IBUF_BUFG_inst/O
                         net (fo=40, routed)          1.449    14.790    SPI_Slave_IN/clk_IBUF_BUFG
    SLICE_X8Y42          FDRE                                         r  SPI_Slave_IN/rx_data_reg[8]/C
                         clock pessimism              0.274    15.064    
                         clock uncertainty           -0.035    15.029    
    SLICE_X8Y42          FDRE (Setup_fdre_C_CE)      -0.169    14.860    SPI_Slave_IN/rx_data_reg[8]
  -------------------------------------------------------------------
                         required time                         14.860    
                         arrival time                          -8.286    
  -------------------------------------------------------------------
                         slack                                  6.574    

Slack (MET) :             6.574ns  (required time - arrival time)
  Source:                 SPI_Slave_IN/dout_loaded_reg/C
                            (rising edge-triggered cell FDRE clocked by sys_clk_pin  {rise@0.000ns fall@5.000ns period=10.000ns})
  Destination:            SPI_Slave_IN/rx_data_reg[9]/CE
                            (rising edge-triggered cell FDRE clocked by sys_clk_pin  {rise@0.000ns fall@5.000ns period=10.000ns})
  Path Group:             sys_clk_pin
  Path Type:              Setup (Max at Slow Process Corner)
  Requirement:            10.000ns  (sys_clk_pin rise@10.000ns - sys_clk_pin rise@0.000ns)
  Data Path Delay:        3.196ns  (logic 0.940ns (29.407%)  route 2.256ns (70.593%))
  Logic Levels:           2  (LUT4=1 LUT5=1)
  Clock Path Skew:        -0.025ns (DCD - SCD + CPR)
    Destination Clock Delay (DCD):    4.790ns = ( 14.790 - 10.000 ) 
    Source Clock Delay      (SCD):    5.089ns
    Clock Pessimism Removal (CPR):    0.274ns
  Clock Uncertainty:      0.035ns  ((TSJ^2 + TIJ^2)^1/2 + DJ) / 2 + PE
    Total System Jitter     (TSJ):    0.071ns
    Total Input Jitter      (TIJ):    0.000ns
    Discrete Jitter          (DJ):    0.000ns
    Phase Error              (PE):    0.000ns

    Location             Delay type                Incr(ns)  Path(ns)    Netlist Resource(s)
  -------------------------------------------------------------------    -------------------
                         (clock sys_clk_pin rise edge)
                                                      0.000     0.000 r  
    W5                                                0.000     0.000 r  clk (IN)
                         net (fo=0)                   0.000     0.000    clk
    W5                   IBUF (Prop_ibuf_I_O)         1.458     1.458 r  clk_IBUF_inst/O
                         net (fo=1, routed)           1.967     3.425    clk_IBUF
    BUFGCTRL_X0Y0        BUFG (Prop_bufg_I_O)         0.096     3.521 r  clk_IBUF_BUFG_inst/O
                         net (fo=40, routed)          1.568     5.089    SPI_Slave_IN/clk_IBUF_BUFG
    SLICE_X9Y41          FDRE                                         r  SPI_Slave_IN/dout_loaded_reg/C
  -------------------------------------------------------------------    -------------------
    SLICE_X9Y41          FDRE (Prop_fdre_C_Q)         0.456     5.545 f  SPI_Slave_IN/dout_loaded_reg/Q
                         net (fo=13, routed)          1.164     6.709    SPI_Slave_IN/dout_loaded_reg_n_0
    SLICE_X8Y43          LUT4 (Prop_lut4_I3_O)        0.153     6.862 r  SPI_Slave_IN/ram_reg_i_6/O
                         net (fo=3, routed)           0.470     7.332    SPI_Slave_IN/ram_reg_i_6_n_0
    SLICE_X9Y42          LUT5 (Prop_lut5_I1_O)        0.331     7.663 r  SPI_Slave_IN/rx_data[9]_i_1/O
                         net (fo=10, routed)          0.623     8.286    SPI_Slave_IN/rx_data[9]_i_1_n_0
    SLICE_X8Y42          FDRE                                         r  SPI_Slave_IN/rx_data_reg[9]/CE
  -------------------------------------------------------------------    -------------------

                         (clock sys_clk_pin rise edge)
                                                     10.000    10.000 r  
    W5                                                0.000    10.000 r  clk (IN)
                         net (fo=0)                   0.000    10.000    clk
    W5                   IBUF (Prop_ibuf_I_O)         1.388    11.388 r  clk_IBUF_inst/O
                         net (fo=1, routed)           1.862    13.250    clk_IBUF
    BUFGCTRL_X0Y0        BUFG (Prop_bufg_I_O)         0.091    13.341 r  clk_IBUF_BUFG_inst/O
                         net (fo=40, routed)          1.449    14.790    SPI_Slave_IN/clk_IBUF_BUFG
    SLICE_X8Y42          FDRE                                         r  SPI_Slave_IN/rx_data_reg[9]/C
                         clock pessimism              0.274    15.064    
                         clock uncertainty           -0.035    15.029    
    SLICE_X8Y42          FDRE (Setup_fdre_C_CE)      -0.169    14.860    SPI_Slave_IN/rx_data_reg[9]
  -------------------------------------------------------------------
                         required time                         14.860    
                         arrival time                          -8.286    
  -------------------------------------------------------------------
                         slack                                  6.574    





Min Delay Paths
--------------------------------------------------------------------------------------
Slack (MET) :             0.044ns  (arrival time - required time)
  Source:                 SPI_Slave_IN/rx_data_reg[1]/C
                            (rising edge-triggered cell FDRE clocked by sys_clk_pin  {rise@0.000ns fall@5.000ns period=10.000ns})
  Destination:            RAM_IN1/ram_reg/DIADI[1]
                            (rising edge-triggered cell RAMB18E1 clocked by sys_clk_pin  {rise@0.000ns fall@5.000ns period=10.000ns})
  Path Group:             sys_clk_pin
  Path Type:              Hold (Min at Fast Process Corner)
  Requirement:            0.000ns  (sys_clk_pin rise@0.000ns - sys_clk_pin rise@0.000ns)
  Data Path Delay:        0.259ns  (logic 0.141ns (54.387%)  route 0.118ns (45.613%))
  Logic Levels:           0  
  Clock Path Skew:        0.060ns (DCD - SCD - CPR)
    Destination Clock Delay (DCD):    2.006ns
    Source Clock Delay      (SCD):    1.447ns
    Clock Pessimism Removal (CPR):    0.498ns

    Location             Delay type                Incr(ns)  Path(ns)    Netlist Resource(s)
  -------------------------------------------------------------------    -------------------
                         (clock sys_clk_pin rise edge)
                                                      0.000     0.000 r  
    W5                                                0.000     0.000 r  clk (IN)
                         net (fo=0)                   0.000     0.000    clk
    W5                   IBUF (Prop_ibuf_I_O)         0.226     0.226 r  clk_IBUF_inst/O
                         net (fo=1, routed)           0.631     0.858    clk_IBUF
    BUFGCTRL_X0Y0        BUFG (Prop_bufg_I_O)         0.026     0.884 r  clk_IBUF_BUFG_inst/O
                         net (fo=40, routed)          0.564     1.447    SPI_Slave_IN/clk_IBUF_BUFG
    SLICE_X9Y39          FDRE                                         r  SPI_Slave_IN/rx_data_reg[1]/C
  -------------------------------------------------------------------    -------------------
    SLICE_X9Y39          FDRE (Prop_fdre_C_Q)         0.141     1.588 r  SPI_Slave_IN/rx_data_reg[1]/Q
                         net (fo=4, routed)           0.118     1.706    RAM_IN1/Q[1]
    RAMB18_X0Y16         RAMB18E1                                     r  RAM_IN1/ram_reg/DIADI[1]
  -------------------------------------------------------------------    -------------------

                         (clock sys_clk_pin rise edge)
                                                      0.000     0.000 r  
    W5                                                0.000     0.000 r  clk (IN)
                         net (fo=0)                   0.000     0.000    clk
    W5                   IBUF (Prop_ibuf_I_O)         0.414     0.414 r  clk_IBUF_inst/O
                         net (fo=1, routed)           0.685     1.099    clk_IBUF
    BUFGCTRL_X0Y0        BUFG (Prop_bufg_I_O)         0.029     1.128 r  clk_IBUF_BUFG_inst/O
                         net (fo=40, routed)          0.878     2.006    RAM_IN1/clk_IBUF_BUFG
    RAMB18_X0Y16         RAMB18E1                                     r  RAM_IN1/ram_reg/CLKARDCLK
                         clock pessimism             -0.498     1.508    
    RAMB18_X0Y16         RAMB18E1 (Hold_ramb18e1_CLKARDCLK_DIADI[1])
                                                      0.155     1.663    RAM_IN1/ram_reg
  -------------------------------------------------------------------
                         required time                         -1.663    
                         arrival time                           1.706    
  -------------------------------------------------------------------
                         slack                                  0.044    

Slack (MET) :             0.111ns  (arrival time - required time)
  Source:                 SPI_Slave_IN/rx_data_reg[3]/C
                            (rising edge-triggered cell FDRE clocked by sys_clk_pin  {rise@0.000ns fall@5.000ns period=10.000ns})
  Destination:            RAM_IN1/ram_reg/DIADI[3]
                            (rising edge-triggered cell RAMB18E1 clocked by sys_clk_pin  {rise@0.000ns fall@5.000ns period=10.000ns})
  Path Group:             sys_clk_pin
  Path Type:              Hold (Min at Fast Process Corner)
  Requirement:            0.000ns  (sys_clk_pin rise@0.000ns - sys_clk_pin rise@0.000ns)
  Data Path Delay:        0.327ns  (logic 0.141ns (43.125%)  route 0.186ns (56.875%))
  Logic Levels:           0  
  Clock Path Skew:        0.060ns (DCD - SCD - CPR)
    Destination Clock Delay (DCD):    2.006ns
    Source Clock Delay      (SCD):    1.447ns
    Clock Pessimism Removal (CPR):    0.498ns

    Location             Delay type                Incr(ns)  Path(ns)    Netlist Resource(s)
  -------------------------------------------------------------------    -------------------
                         (clock sys_clk_pin rise edge)
                                                      0.000     0.000 r  
    W5                                                0.000     0.000 r  clk (IN)
                         net (fo=0)                   0.000     0.000    clk
    W5                   IBUF (Prop_ibuf_I_O)         0.226     0.226 r  clk_IBUF_inst/O
                         net (fo=1, routed)           0.631     0.858    clk_IBUF
    BUFGCTRL_X0Y0        BUFG (Prop_bufg_I_O)         0.026     0.884 r  clk_IBUF_BUFG_inst/O
                         net (fo=40, routed)          0.564     1.447    SPI_Slave_IN/clk_IBUF_BUFG
    SLICE_X9Y39          FDRE                                         r  SPI_Slave_IN/rx_data_reg[3]/C
  -------------------------------------------------------------------    -------------------
    SLICE_X9Y39          FDRE (Prop_fdre_C_Q)         0.141     1.588 r  SPI_Slave_IN/rx_data_reg[3]/Q
                         net (fo=4, routed)           0.186     1.774    RAM_IN1/Q[3]
    RAMB18_X0Y16         RAMB18E1                                     r  RAM_IN1/ram_reg/DIADI[3]
  -------------------------------------------------------------------    -------------------

                         (clock sys_clk_pin rise edge)
                                                      0.000     0.000 r  
    W5                                                0.000     0.000 r  clk (IN)
                         net (fo=0)                   0.000     0.000    clk
    W5                   IBUF (Prop_ibuf_I_O)         0.414     0.414 r  clk_IBUF_inst/O
                         net (fo=1, routed)           0.685     1.099    clk_IBUF
    BUFGCTRL_X0Y0        BUFG (Prop_bufg_I_O)         0.029     1.128 r  clk_IBUF_BUFG_inst/O
                         net (fo=40, routed)          0.878     2.006    RAM_IN1/clk_IBUF_BUFG
    RAMB18_X0Y16         RAMB18E1                                     r  RAM_IN1/ram_reg/CLKARDCLK
                         clock pessimism             -0.498     1.508    
    RAMB18_X0Y16         RAMB18E1 (Hold_ramb18e1_CLKARDCLK_DIADI[3])
                                                      0.155     1.663    RAM_IN1/ram_reg
  -------------------------------------------------------------------
                         required time                         -1.663    
                         arrival time                           1.774    
  -------------------------------------------------------------------
                         slack                                  0.111    

Slack (MET) :             0.117ns  (arrival time - required time)
  Source:                 SPI_Slave_IN/rx_data_reg[2]/C
                            (rising edge-triggered cell FDRE clocked by sys_clk_pin  {rise@0.000ns fall@5.000ns period=10.000ns})
  Destination:            RAM_IN1/ram_reg/DIADI[2]
                            (rising edge-triggered cell RAMB18E1 clocked by sys_clk_pin  {rise@0.000ns fall@5.000ns period=10.000ns})
  Path Group:             sys_clk_pin
  Path Type:              Hold (Min at Fast Process Corner)
  Requirement:            0.000ns  (sys_clk_pin rise@0.000ns - sys_clk_pin rise@0.000ns)
  Data Path Delay:        0.333ns  (logic 0.141ns (42.376%)  route 0.192ns (57.624%))
  Logic Levels:           0  
  Clock Path Skew:        0.060ns (DCD - SCD - CPR)
    Destination Clock Delay (DCD):    2.006ns
    Source Clock Delay      (SCD):    1.447ns
    Clock Pessimism Removal (CPR):    0.498ns

    Location             Delay type                Incr(ns)  Path(ns)    Netlist Resource(s)
  -------------------------------------------------------------------    -------------------
                         (clock sys_clk_pin rise edge)
                                                      0.000     0.000 r  
    W5                                                0.000     0.000 r  clk (IN)
                         net (fo=0)                   0.000     0.000    clk
    W5                   IBUF (Prop_ibuf_I_O)         0.226     0.226 r  clk_IBUF_inst/O
                         net (fo=1, routed)           0.631     0.858    clk_IBUF
    BUFGCTRL_X0Y0        BUFG (Prop_bufg_I_O)         0.026     0.884 r  clk_IBUF_BUFG_inst/O
                         net (fo=40, routed)          0.564     1.447    SPI_Slave_IN/clk_IBUF_BUFG
    SLICE_X9Y39          FDRE                                         r  SPI_Slave_IN/rx_data_reg[2]/C
  -------------------------------------------------------------------    -------------------
    SLICE_X9Y39          FDRE (Prop_fdre_C_Q)         0.141     1.588 r  SPI_Slave_IN/rx_data_reg[2]/Q
                         net (fo=4, routed)           0.192     1.780    RAM_IN1/Q[2]
    RAMB18_X0Y16         RAMB18E1                                     r  RAM_IN1/ram_reg/DIADI[2]
  -------------------------------------------------------------------    -------------------

                         (clock sys_clk_pin rise edge)
                                                      0.000     0.000 r  
    W5                                                0.000     0.000 r  clk (IN)
                         net (fo=0)                   0.000     0.000    clk
    W5                   IBUF (Prop_ibuf_I_O)         0.414     0.414 r  clk_IBUF_inst/O
                         net (fo=1, routed)           0.685     1.099    clk_IBUF
    BUFGCTRL_X0Y0        BUFG (Prop_bufg_I_O)         0.029     1.128 r  clk_IBUF_BUFG_inst/O
                         net (fo=40, routed)          0.878     2.006    RAM_IN1/clk_IBUF_BUFG
    RAMB18_X0Y16         RAMB18E1                                     r  RAM_IN1/ram_reg/CLKARDCLK
                         clock pessimism             -0.498     1.508    
    RAMB18_X0Y16         RAMB18E1 (Hold_ramb18e1_CLKARDCLK_DIADI[2])
                                                      0.155     1.663    RAM_IN1/ram_reg
  -------------------------------------------------------------------
                         required time                         -1.663    
                         arrival time                           1.780    
  -------------------------------------------------------------------
                         slack                                  0.117    

Slack (MET) :             0.143ns  (arrival time - required time)
  Source:                 RAM_IN1/wr_addr_reg[6]/C
                            (rising edge-triggered cell FDRE clocked by sys_clk_pin  {rise@0.000ns fall@5.000ns period=10.000ns})
  Destination:            RAM_IN1/ram_reg/ADDRARDADDR[10]
                            (rising edge-triggered cell RAMB18E1 clocked by sys_clk_pin  {rise@0.000ns fall@5.000ns period=10.000ns})
  Path Group:             sys_clk_pin
  Path Type:              Hold (Min at Fast Process Corner)
  Requirement:            0.000ns  (sys_clk_pin rise@0.000ns - sys_clk_pin rise@0.000ns)
  Data Path Delay:        0.332ns  (logic 0.128ns (38.529%)  route 0.204ns (61.471%))
  Logic Levels:           0  
  Clock Path Skew:        0.059ns (DCD - SCD - CPR)
    Destination Clock Delay (DCD):    2.006ns
    Source Clock Delay      (SCD):    1.448ns
    Clock Pessimism Removal (CPR):    0.498ns

    Location             Delay type                Incr(ns)  Path(ns)    Netlist Resource(s)
  -------------------------------------------------------------------    -------------------
                         (clock sys_clk_pin rise edge)
                                                      0.000     0.000 r  
    W5                                                0.000     0.000 r  clk (IN)
                         net (fo=0)                   0.000     0.000    clk
    W5                   IBUF (Prop_ibuf_I_O)         0.226     0.226 r  clk_IBUF_inst/O
                         net (fo=1, routed)           0.631     0.858    clk_IBUF
    BUFGCTRL_X0Y0        BUFG (Prop_bufg_I_O)         0.026     0.884 r  clk_IBUF_BUFG_inst/O
                         net (fo=40, routed)          0.565     1.448    RAM_IN1/clk_IBUF_BUFG
    SLICE_X9Y40          FDRE                                         r  RAM_IN1/wr_addr_reg[6]/C
  -------------------------------------------------------------------    -------------------
    SLICE_X9Y40          FDRE (Prop_fdre_C_Q)         0.128     1.576 r  RAM_IN1/wr_addr_reg[6]/Q
                         net (fo=1, routed)           0.204     1.780    RAM_IN1/wr_addr[6]
    RAMB18_X0Y16         RAMB18E1                                     r  RAM_IN1/ram_reg/ADDRARDADDR[10]
  -------------------------------------------------------------------    -------------------

                         (clock sys_clk_pin rise edge)
                                                      0.000     0.000 r  
    W5                                                0.000     0.000 r  clk (IN)
                         net (fo=0)                   0.000     0.000    clk
    W5                   IBUF (Prop_ibuf_I_O)         0.414     0.414 r  clk_IBUF_inst/O
                         net (fo=1, routed)           0.685     1.099    clk_IBUF
    BUFGCTRL_X0Y0        BUFG (Prop_bufg_I_O)         0.029     1.128 r  clk_IBUF_BUFG_inst/O
                         net (fo=40, routed)          0.878     2.006    RAM_IN1/clk_IBUF_BUFG
    RAMB18_X0Y16         RAMB18E1                                     r  RAM_IN1/ram_reg/CLKARDCLK
                         clock pessimism             -0.498     1.508    
    RAMB18_X0Y16         RAMB18E1 (Hold_ramb18e1_CLKARDCLK_ADDRARDADDR[10])
                                                      0.130     1.638    RAM_IN1/ram_reg
  -------------------------------------------------------------------
                         required time                         -1.638    
                         arrival time                           1.780    
  -------------------------------------------------------------------
                         slack                                  0.143    

Slack (MET) :             0.145ns  (arrival time - required time)
  Source:                 SPI_Slave_IN/rx_data_reg[5]/C
                            (rising edge-triggered cell FDRE clocked by sys_clk_pin  {rise@0.000ns fall@5.000ns period=10.000ns})
  Destination:            RAM_IN1/ram_reg/DIADI[5]
                            (rising edge-triggered cell RAMB18E1 clocked by sys_clk_pin  {rise@0.000ns fall@5.000ns period=10.000ns})
  Path Group:             sys_clk_pin
  Path Type:              Hold (Min at Fast Process Corner)
  Requirement:            0.000ns  (sys_clk_pin rise@0.000ns - sys_clk_pin rise@0.000ns)
  Data Path Delay:        0.308ns  (logic 0.128ns (41.567%)  route 0.180ns (58.433%))
  Logic Levels:           0  
  Clock Path Skew:        0.060ns (DCD - SCD - CPR)
    Destination Clock Delay (DCD):    2.006ns
    Source Clock Delay      (SCD):    1.447ns
    Clock Pessimism Removal (CPR):    0.498ns

    Location             Delay type                Incr(ns)  Path(ns)    Netlist Resource(s)
  -------------------------------------------------------------------    -------------------
                         (clock sys_clk_pin rise edge)
                                                      0.000     0.000 r  
    W5                                                0.000     0.000 r  clk (IN)
                         net (fo=0)                   0.000     0.000    clk
    W5                   IBUF (Prop_ibuf_I_O)         0.226     0.226 r  clk_IBUF_inst/O
                         net (fo=1, routed)           0.631     0.858    clk_IBUF
    BUFGCTRL_X0Y0        BUFG (Prop_bufg_I_O)         0.026     0.884 r  clk_IBUF_BUFG_inst/O
                         net (fo=40, routed)          0.564     1.447    SPI_Slave_IN/clk_IBUF_BUFG
    SLICE_X9Y39          FDRE                                         r  SPI_Slave_IN/rx_data_reg[5]/C
  -------------------------------------------------------------------    -------------------
    SLICE_X9Y39          FDRE (Prop_fdre_C_Q)         0.128     1.575 r  SPI_Slave_IN/rx_data_reg[5]/Q
                         net (fo=4, routed)           0.180     1.755    RAM_IN1/Q[5]
    RAMB18_X0Y16         RAMB18E1                                     r  RAM_IN1/ram_reg/DIADI[5]
  -------------------------------------------------------------------    -------------------

                         (clock sys_clk_pin rise edge)
                                                      0.000     0.000 r  
    W5                                                0.000     0.000 r  clk (IN)
                         net (fo=0)                   0.000     0.000    clk
    W5                   IBUF (Prop_ibuf_I_O)         0.414     0.414 r  clk_IBUF_inst/O
                         net (fo=1, routed)           0.685     1.099    clk_IBUF
    BUFGCTRL_X0Y0        BUFG (Prop_bufg_I_O)         0.029     1.128 r  clk_IBUF_BUFG_inst/O
                         net (fo=40, routed)          0.878     2.006    RAM_IN1/clk_IBUF_BUFG
    RAMB18_X0Y16         RAMB18E1                                     r  RAM_IN1/ram_reg/CLKARDCLK
                         clock pessimism             -0.498     1.508    
    RAMB18_X0Y16         RAMB18E1 (Hold_ramb18e1_CLKARDCLK_DIADI[5])
                                                      0.102     1.610    RAM_IN1/ram_reg
  -------------------------------------------------------------------
                         required time                         -1.610    
                         arrival time                           1.755    
  -------------------------------------------------------------------
                         slack                                  0.145    

Slack (MET) :             0.147ns  (arrival time - required time)
  Source:                 RAM_IN1/wr_addr_reg[5]/C
                            (rising edge-triggered cell FDRE clocked by sys_clk_pin  {rise@0.000ns fall@5.000ns period=10.000ns})
  Destination:            RAM_IN1/ram_reg/ADDRARDADDR[9]
                            (rising edge-triggered cell RAMB18E1 clocked by sys_clk_pin  {rise@0.000ns fall@5.000ns period=10.000ns})
  Path Group:             sys_clk_pin
  Path Type:              Hold (Min at Fast Process Corner)
  Requirement:            0.000ns  (sys_clk_pin rise@0.000ns - sys_clk_pin rise@0.000ns)
  Data Path Delay:        0.336ns  (logic 0.128ns (38.079%)  route 0.208ns (61.921%))
  Logic Levels:           0  
  Clock Path Skew:        0.059ns (DCD - SCD - CPR)
    Destination Clock Delay (DCD):    2.006ns
    Source Clock Delay      (SCD):    1.448ns
    Clock Pessimism Removal (CPR):    0.498ns

    Location             Delay type                Incr(ns)  Path(ns)    Netlist Resource(s)
  -------------------------------------------------------------------    -------------------
                         (clock sys_clk_pin rise edge)
                                                      0.000     0.000 r  
    W5                                                0.000     0.000 r  clk (IN)
                         net (fo=0)                   0.000     0.000    clk
    W5                   IBUF (Prop_ibuf_I_O)         0.226     0.226 r  clk_IBUF_inst/O
                         net (fo=1, routed)           0.631     0.858    clk_IBUF
    BUFGCTRL_X0Y0        BUFG (Prop_bufg_I_O)         0.026     0.884 r  clk_IBUF_BUFG_inst/O
                         net (fo=40, routed)          0.565     1.448    RAM_IN1/clk_IBUF_BUFG
    SLICE_X9Y40          FDRE                                         r  RAM_IN1/wr_addr_reg[5]/C
  -------------------------------------------------------------------    -------------------
    SLICE_X9Y40          FDRE (Prop_fdre_C_Q)         0.128     1.576 r  RAM_IN1/wr_addr_reg[5]/Q
                         net (fo=1, routed)           0.208     1.784    RAM_IN1/wr_addr[5]
    RAMB18_X0Y16         RAMB18E1                                     r  RAM_IN1/ram_reg/ADDRARDADDR[9]
  -------------------------------------------------------------------    -------------------

                         (clock sys_clk_pin rise edge)
                                                      0.000     0.000 r  
    W5                                                0.000     0.000 r  clk (IN)
                         net (fo=0)                   0.000     0.000    clk
    W5                   IBUF (Prop_ibuf_I_O)         0.414     0.414 r  clk_IBUF_inst/O
                         net (fo=1, routed)           0.685     1.099    clk_IBUF
    BUFGCTRL_X0Y0        BUFG (Prop_bufg_I_O)         0.029     1.128 r  clk_IBUF_BUFG_inst/O
                         net (fo=40, routed)          0.878     2.006    RAM_IN1/clk_IBUF_BUFG
    RAMB18_X0Y16         RAMB18E1                                     r  RAM_IN1/ram_reg/CLKARDCLK
                         clock pessimism             -0.498     1.508    
    RAMB18_X0Y16         RAMB18E1 (Hold_ramb18e1_CLKARDCLK_ADDRARDADDR[9])
                                                      0.130     1.638    RAM_IN1/ram_reg
  -------------------------------------------------------------------
                         required time                         -1.638    
                         arrival time                           1.784    
  -------------------------------------------------------------------
                         slack                                  0.147    

Slack (MET) :             0.157ns  (arrival time - required time)
  Source:                 RAM_IN1/wr_addr_reg[1]/C
                            (rising edge-triggered cell FDRE clocked by sys_clk_pin  {rise@0.000ns fall@5.000ns period=10.000ns})
  Destination:            RAM_IN1/ram_reg/ADDRARDADDR[5]
                            (rising edge-triggered cell RAMB18E1 clocked by sys_clk_pin  {rise@0.000ns fall@5.000ns period=10.000ns})
  Path Group:             sys_clk_pin
  Path Type:              Hold (Min at Fast Process Corner)
  Requirement:            0.000ns  (sys_clk_pin rise@0.000ns - sys_clk_pin rise@0.000ns)
  Data Path Delay:        0.399ns  (logic 0.141ns (35.319%)  route 0.258ns (64.681%))
  Logic Levels:           0  
  Clock Path Skew:        0.059ns (DCD - SCD - CPR)
    Destination Clock Delay (DCD):    2.006ns
    Source Clock Delay      (SCD):    1.448ns
    Clock Pessimism Removal (CPR):    0.498ns

    Location             Delay type                Incr(ns)  Path(ns)    Netlist Resource(s)
  -------------------------------------------------------------------    -------------------
                         (clock sys_clk_pin rise edge)
                                                      0.000     0.000 r  
    W5                                                0.000     0.000 r  clk (IN)
                         net (fo=0)                   0.000     0.000    clk
    W5                   IBUF (Prop_ibuf_I_O)         0.226     0.226 r  clk_IBUF_inst/O
                         net (fo=1, routed)           0.631     0.858    clk_IBUF
    BUFGCTRL_X0Y0        BUFG (Prop_bufg_I_O)         0.026     0.884 r  clk_IBUF_BUFG_inst/O
                         net (fo=40, routed)          0.565     1.448    RAM_IN1/clk_IBUF_BUFG
    SLICE_X9Y40          FDRE                                         r  RAM_IN1/wr_addr_reg[1]/C
  -------------------------------------------------------------------    -------------------
    SLICE_X9Y40          FDRE (Prop_fdre_C_Q)         0.141     1.589 r  RAM_IN1/wr_addr_reg[1]/Q
                         net (fo=1, routed)           0.258     1.847    RAM_IN1/wr_addr[1]
    RAMB18_X0Y16         RAMB18E1                                     r  RAM_IN1/ram_reg/ADDRARDADDR[5]
  -------------------------------------------------------------------    -------------------

                         (clock sys_clk_pin rise edge)
                                                      0.000     0.000 r  
    W5                                                0.000     0.000 r  clk (IN)
                         net (fo=0)                   0.000     0.000    clk
    W5                   IBUF (Prop_ibuf_I_O)         0.414     0.414 r  clk_IBUF_inst/O
                         net (fo=1, routed)           0.685     1.099    clk_IBUF
    BUFGCTRL_X0Y0        BUFG (Prop_bufg_I_O)         0.029     1.128 r  clk_IBUF_BUFG_inst/O
                         net (fo=40, routed)          0.878     2.006    RAM_IN1/clk_IBUF_BUFG
    RAMB18_X0Y16         RAMB18E1                                     r  RAM_IN1/ram_reg/CLKARDCLK
                         clock pessimism             -0.498     1.508    
    RAMB18_X0Y16         RAMB18E1 (Hold_ramb18e1_CLKARDCLK_ADDRARDADDR[5])
                                                      0.183     1.691    RAM_IN1/ram_reg
  -------------------------------------------------------------------
                         required time                         -1.691    
                         arrival time                           1.847    
  -------------------------------------------------------------------
                         slack                                  0.157    

Slack (MET) :             0.174ns  (arrival time - required time)
  Source:                 RAM_IN1/rd_addr_reg[7]/C
                            (rising edge-triggered cell FDRE clocked by sys_clk_pin  {rise@0.000ns fall@5.000ns period=10.000ns})
  Destination:            RAM_IN1/ram_reg/ADDRBWRADDR[11]
                            (rising edge-triggered cell RAMB18E1 clocked by sys_clk_pin  {rise@0.000ns fall@5.000ns period=10.000ns})
  Path Group:             sys_clk_pin
  Path Type:              Hold (Min at Fast Process Corner)
  Requirement:            0.000ns  (sys_clk_pin rise@0.000ns - sys_clk_pin rise@0.000ns)
  Data Path Delay:        0.361ns  (logic 0.148ns (40.990%)  route 0.213ns (59.010%))
  Logic Levels:           0  
  Clock Path Skew:        0.058ns (DCD - SCD - CPR)
    Destination Clock Delay (DCD):    2.005ns
    Source Clock Delay      (SCD):    1.448ns
    Clock Pessimism Removal (CPR):    0.498ns

    Location             Delay type                Incr(ns)  Path(ns)    Netlist Resource(s)
  -------------------------------------------------------------------    -------------------
                         (clock sys_clk_pin rise edge)
                                                      0.000     0.000 r  
    W5                                                0.000     0.000 r  clk (IN)
                         net (fo=0)                   0.000     0.000    clk
    W5                   IBUF (Prop_ibuf_I_O)         0.226     0.226 r  clk_IBUF_inst/O
                         net (fo=1, routed)           0.631     0.858    clk_IBUF
    BUFGCTRL_X0Y0        BUFG (Prop_bufg_I_O)         0.026     0.884 r  clk_IBUF_BUFG_inst/O
                         net (fo=40, routed)          0.565     1.448    RAM_IN1/clk_IBUF_BUFG
    SLICE_X8Y40          FDRE                                         r  RAM_IN1/rd_addr_reg[7]/C
  -------------------------------------------------------------------    -------------------
    SLICE_X8Y40          FDRE (Prop_fdre_C_Q)         0.148     1.596 r  RAM_IN1/rd_addr_reg[7]/Q
                         net (fo=1, routed)           0.213     1.809    RAM_IN1/rd_addr[7]
    RAMB18_X0Y16         RAMB18E1                                     r  RAM_IN1/ram_reg/ADDRBWRADDR[11]
  -------------------------------------------------------------------    -------------------

                         (clock sys_clk_pin rise edge)
                                                      0.000     0.000 r  
    W5                                                0.000     0.000 r  clk (IN)
                         net (fo=0)                   0.000     0.000    clk
    W5                   IBUF (Prop_ibuf_I_O)         0.414     0.414 r  clk_IBUF_inst/O
                         net (fo=1, routed)           0.685     1.099    clk_IBUF
    BUFGCTRL_X0Y0        BUFG (Prop_bufg_I_O)         0.029     1.128 r  clk_IBUF_BUFG_inst/O
                         net (fo=40, routed)          0.877     2.005    RAM_IN1/clk_IBUF_BUFG
    RAMB18_X0Y16         RAMB18E1                                     r  RAM_IN1/ram_reg/CLKBWRCLK
                         clock pessimism             -0.498     1.507    
    RAMB18_X0Y16         RAMB18E1 (Hold_ramb18e1_CLKBWRCLK_ADDRBWRADDR[11])
                                                      0.129     1.636    RAM_IN1/ram_reg
  -------------------------------------------------------------------
                         required time                         -1.636    
                         arrival time                           1.809    
  -------------------------------------------------------------------
                         slack                                  0.174    

Slack (MET) :             0.181ns  (arrival time - required time)
  Source:                 RAM_IN1/rd_addr_reg[2]/C
                            (rising edge-triggered cell FDRE clocked by sys_clk_pin  {rise@0.000ns fall@5.000ns period=10.000ns})
  Destination:            RAM_IN1/ram_reg/ADDRBWRADDR[6]
                            (rising edge-triggered cell RAMB18E1 clocked by sys_clk_pin  {rise@0.000ns fall@5.000ns period=10.000ns})
  Path Group:             sys_clk_pin
  Path Type:              Hold (Min at Fast Process Corner)
  Requirement:            0.000ns  (sys_clk_pin rise@0.000ns - sys_clk_pin rise@0.000ns)
  Data Path Delay:        0.423ns  (logic 0.164ns (38.801%)  route 0.259ns (61.199%))
  Logic Levels:           0  
  Clock Path Skew:        0.058ns (DCD - SCD - CPR)
    Destination Clock Delay (DCD):    2.005ns
    Source Clock Delay      (SCD):    1.448ns
    Clock Pessimism Removal (CPR):    0.498ns

    Location             Delay type                Incr(ns)  Path(ns)    Netlist Resource(s)
  -------------------------------------------------------------------    -------------------
                         (clock sys_clk_pin rise edge)
                                                      0.000     0.000 r  
    W5                                                0.000     0.000 r  clk (IN)
                         net (fo=0)                   0.000     0.000    clk
    W5                   IBUF (Prop_ibuf_I_O)         0.226     0.226 r  clk_IBUF_inst/O
                         net (fo=1, routed)           0.631     0.858    clk_IBUF
    BUFGCTRL_X0Y0        BUFG (Prop_bufg_I_O)         0.026     0.884 r  clk_IBUF_BUFG_inst/O
                         net (fo=40, routed)          0.565     1.448    RAM_IN1/clk_IBUF_BUFG
    SLICE_X8Y40          FDRE                                         r  RAM_IN1/rd_addr_reg[2]/C
  -------------------------------------------------------------------    -------------------
    SLICE_X8Y40          FDRE (Prop_fdre_C_Q)         0.164     1.612 r  RAM_IN1/rd_addr_reg[2]/Q
                         net (fo=1, routed)           0.259     1.871    RAM_IN1/rd_addr[2]
    RAMB18_X0Y16         RAMB18E1                                     r  RAM_IN1/ram_reg/ADDRBWRADDR[6]
  -------------------------------------------------------------------    -------------------

                         (clock sys_clk_pin rise edge)
                                                      0.000     0.000 r  
    W5                                                0.000     0.000 r  clk (IN)
                         net (fo=0)                   0.000     0.000    clk
    W5                   IBUF (Prop_ibuf_I_O)         0.414     0.414 r  clk_IBUF_inst/O
                         net (fo=1, routed)           0.685     1.099    clk_IBUF
    BUFGCTRL_X0Y0        BUFG (Prop_bufg_I_O)         0.029     1.128 r  clk_IBUF_BUFG_inst/O
                         net (fo=40, routed)          0.877     2.005    RAM_IN1/clk_IBUF_BUFG
    RAMB18_X0Y16         RAMB18E1                                     r  RAM_IN1/ram_reg/CLKBWRCLK
                         clock pessimism             -0.498     1.507    
    RAMB18_X0Y16         RAMB18E1 (Hold_ramb18e1_CLKBWRCLK_ADDRBWRADDR[6])
                                                      0.183     1.690    RAM_IN1/ram_reg
  -------------------------------------------------------------------
                         required time                         -1.690    
                         arrival time                           1.871    
  -------------------------------------------------------------------
                         slack                                  0.181    

Slack (MET) :             0.181ns  (arrival time - required time)
  Source:                 RAM_IN1/rd_addr_reg[4]/C
                            (rising edge-triggered cell FDRE clocked by sys_clk_pin  {rise@0.000ns fall@5.000ns period=10.000ns})
  Destination:            RAM_IN1/ram_reg/ADDRBWRADDR[8]
                            (rising edge-triggered cell RAMB18E1 clocked by sys_clk_pin  {rise@0.000ns fall@5.000ns period=10.000ns})
  Path Group:             sys_clk_pin
  Path Type:              Hold (Min at Fast Process Corner)
  Requirement:            0.000ns  (sys_clk_pin rise@0.000ns - sys_clk_pin rise@0.000ns)
  Data Path Delay:        0.423ns  (logic 0.164ns (38.801%)  route 0.259ns (61.199%))
  Logic Levels:           0  
  Clock Path Skew:        0.058ns (DCD - SCD - CPR)
    Destination Clock Delay (DCD):    2.005ns
    Source Clock Delay      (SCD):    1.448ns
    Clock Pessimism Removal (CPR):    0.498ns

    Location             Delay type                Incr(ns)  Path(ns)    Netlist Resource(s)
  -------------------------------------------------------------------    -------------------
                         (clock sys_clk_pin rise edge)
                                                      0.000     0.000 r  
    W5                                                0.000     0.000 r  clk (IN)
                         net (fo=0)                   0.000     0.000    clk
    W5                   IBUF (Prop_ibuf_I_O)         0.226     0.226 r  clk_IBUF_inst/O
                         net (fo=1, routed)           0.631     0.858    clk_IBUF
    BUFGCTRL_X0Y0        BUFG (Prop_bufg_I_O)         0.026     0.884 r  clk_IBUF_BUFG_inst/O
                         net (fo=40, routed)          0.565     1.448    RAM_IN1/clk_IBUF_BUFG
    SLICE_X8Y40          FDRE                                         r  RAM_IN1/rd_addr_reg[4]/C
  -------------------------------------------------------------------    -------------------
    SLICE_X8Y40          FDRE (Prop_fdre_C_Q)         0.164     1.612 r  RAM_IN1/rd_addr_reg[4]/Q
                         net (fo=1, routed)           0.259     1.871    RAM_IN1/rd_addr[4]
    RAMB18_X0Y16         RAMB18E1                                     r  RAM_IN1/ram_reg/ADDRBWRADDR[8]
  -------------------------------------------------------------------    -------------------

                         (clock sys_clk_pin rise edge)
                                                      0.000     0.000 r  
    W5                                                0.000     0.000 r  clk (IN)
                         net (fo=0)                   0.000     0.000    clk
    W5                   IBUF (Prop_ibuf_I_O)         0.414     0.414 r  clk_IBUF_inst/O
                         net (fo=1, routed)           0.685     1.099    clk_IBUF
    BUFGCTRL_X0Y0        BUFG (Prop_bufg_I_O)         0.029     1.128 r  clk_IBUF_BUFG_inst/O
                         net (fo=40, routed)          0.877     2.005    RAM_IN1/clk_IBUF_BUFG
    RAMB18_X0Y16         RAMB18E1                                     r  RAM_IN1/ram_reg/CLKBWRCLK
                         clock pessimism             -0.498     1.507    
    RAMB18_X0Y16         RAMB18E1 (Hold_ramb18e1_CLKBWRCLK_ADDRBWRADDR[8])
                                                      0.183     1.690    RAM_IN1/ram_reg
  -------------------------------------------------------------------
                         required time                         -1.690    
                         arrival time                           1.871    
  -------------------------------------------------------------------
                         slack                                  0.181    





Pulse Width Checks
--------------------------------------------------------------------------------------
Clock Name:         sys_clk_pin
Waveform(ns):       { 0.000 5.000 }
Period(ns):         10.000
Sources:            { clk }

Check Type        Corner  Lib Pin             Reference Pin  Required(ns)  Actual(ns)  Slack(ns)  Location       Pin
Min Period        n/a     RAMB18E1/CLKARDCLK  n/a            2.944         10.000      7.056      RAMB18_X0Y16   RAM_IN1/ram_reg/CLKARDCLK
Min Period        n/a     RAMB18E1/CLKBWRCLK  n/a            2.576         10.000      7.424      RAMB18_X0Y16   RAM_IN1/ram_reg/CLKBWRCLK
Min Period        n/a     BUFG/I              n/a            2.155         10.000      7.845      BUFGCTRL_X0Y0  clk_IBUF_BUFG_inst/I
Min Period        n/a     FDRE/C              n/a            1.000         10.000      9.000      SLICE_X8Y40    RAM_IN1/rd_addr_reg[0]/C
Min Period        n/a     FDRE/C              n/a            1.000         10.000      9.000      SLICE_X8Y40    RAM_IN1/rd_addr_reg[1]/C
Min Period        n/a     FDRE/C              n/a            1.000         10.000      9.000      SLICE_X8Y40    RAM_IN1/rd_addr_reg[2]/C
Min Period        n/a     FDRE/C              n/a            1.000         10.000      9.000      SLICE_X8Y39    RAM_IN1/rd_addr_reg[3]/C
Min Period        n/a     FDRE/C              n/a            1.000         10.000      9.000      SLICE_X8Y40    RAM_IN1/rd_addr_reg[4]/C
Min Period        n/a     FDRE/C              n/a            1.000         10.000      9.000      SLICE_X8Y40    RAM_IN1/rd_addr_reg[5]/C
Min Period        n/a     FDRE/C              n/a            1.000         10.000      9.000      SLICE_X8Y39    RAM_IN1/rd_addr_reg[6]/C
Low Pulse Width   Slow    FDRE/C              n/a            0.500         5.000       4.500      SLICE_X8Y40    RAM_IN1/rd_addr_reg[0]/C
Low Pulse Width   Slow    FDRE/C              n/a            0.500         5.000       4.500      SLICE_X8Y40    RAM_IN1/rd_addr_reg[1]/C
Low Pulse Width   Slow    FDRE/C              n/a            0.500         5.000       4.500      SLICE_X8Y40    RAM_IN1/rd_addr_reg[2]/C
Low Pulse Width   Slow    FDRE/C              n/a            0.500         5.000       4.500      SLICE_X8Y39    RAM_IN1/rd_addr_reg[3]/C
Low Pulse Width   Fast    FDRE/C              n/a            0.500         5.000       4.500      SLICE_X8Y39    RAM_IN1/rd_addr_reg[3]/C
Low Pulse Width   Slow    FDRE/C              n/a            0.500         5.000       4.500      SLICE_X8Y40    RAM_IN1/rd_addr_reg[4]/C
Low Pulse Width   Slow    FDRE/C              n/a            0.500         5.000       4.500      SLICE_X8Y40    RAM_IN1/rd_addr_reg[5]/C
Low Pulse Width   Slow    FDRE/C              n/a            0.500         5.000       4.500      SLICE_X8Y39    RAM_IN1/rd_addr_reg[6]/C
Low Pulse Width   Fast    FDRE/C              n/a            0.500         5.000       4.500      SLICE_X8Y39    RAM_IN1/rd_addr_reg[6]/C
Low Pulse Width   Slow    FDRE/C              n/a            0.500         5.000       4.500      SLICE_X8Y40    RAM_IN1/rd_addr_reg[7]/C
High Pulse Width  Slow    FDRE/C              n/a            0.500         5.000       4.500      SLICE_X8Y43    RAM_IN1/tx_valid_reg/C
High Pulse Width  Slow    FDRE/C              n/a            0.500         5.000       4.500      SLICE_X10Y42   SPI_Slave_IN/FSM_sequential_current_state_reg[0]/C
High Pulse Width  Slow    FDRE/C              n/a            0.500         5.000       4.500      SLICE_X10Y42   SPI_Slave_IN/FSM_sequential_current_state_reg[1]/C
High Pulse Width  Slow    FDRE/C              n/a            0.500         5.000       4.500      SLICE_X10Y42   SPI_Slave_IN/FSM_sequential_current_state_reg[2]/C
High Pulse Width  Slow    FDRE/C              n/a            0.500         5.000       4.500      SLICE_X8Y41    SPI_Slave_IN/MISO_reg/C
High Pulse Width  Slow    FDRE/C              n/a            0.500         5.000       4.500      SLICE_X9Y43    SPI_Slave_IN/counter_reg[0]/C
High Pulse Width  Slow    FDRE/C              n/a            0.500         5.000       4.500      SLICE_X11Y42   SPI_Slave_IN/counter_reg[1]/C
High Pulse Width  Slow    FDRE/C              n/a            0.500         5.000       4.500      SLICE_X11Y42   SPI_Slave_IN/counter_reg[2]/C
High Pulse Width  Slow    FDRE/C              n/a            0.500         5.000       4.500      SLICE_X9Y43    SPI_Slave_IN/counter_reg[3]/C
High Pulse Width  Slow    FDRE/C              n/a            0.500         5.000       4.500      SLICE_X9Y41    SPI_Slave_IN/dout_loaded_reg/C



