
*** Running vivado
    with args -log SPI_Slave_Single_Port_RAM.vds -m64 -product Vivado -mode batch -messageDb vivado.pb -notrace -source SPI_Slave_Single_Port_RAM.tcl


****** Vivado v2018.2 (64-bit)
  **** SW Build 2258646 on Thu Jun 14 20:03:12 MDT 2018
  **** IP Build 2256618 on Thu Jun 14 22:10:49 MDT 2018
    ** Copyright 1986-2018 Xilinx, Inc. All Rights Reserved.

source SPI_Slave_Single_Port_RAM.tcl -notrace
Command: synth_design -top SPI_Slave_Single_Port_RAM -part xc7a35ticpg236-1L
Starting synth_design
Attempting to get a license for feature 'Synthesis' and/or device 'xc7a35ti'
INFO: [Common 17-349] Got license for feature 'Synthesis' and/or device 'xc7a35ti'
INFO: Launching helper process for spawning children vivado processes
INFO: Helper process launched with PID 26268 
---------------------------------------------------------------------------------
Starting RTL Elaboration : Time (s): cpu = 00:00:07 ; elapsed = 00:00:08 . Memory (MB): peak = 415.020 ; gain = 97.383
---------------------------------------------------------------------------------
INFO: [Synth 8-6157] synthesizing module 'SPI_Slave_Single_Port_RAM' [D:/Digital_Design/Projects/Project_2/Project Final/SPI_Slave_Single_Port_RAM.v:29]
	Parameter MEM_DEPTH bound to: 256 - type: integer 
	Parameter ADDR_SIZE bound to: 8 - type: integer 
INFO: [Synth 8-6157] synthesizing module 'SPI_Slave' [D:/Digital_Design/Projects/Project_2/Project Final/SPI_Slave.v:41]
	Parameter IDEL bound to: 3'b000 
	Parameter CHK_CMD bound to: 3'b001 
	Parameter WRITE bound to: 3'b010 
	Parameter READ_ADD bound to: 3'b011 
	Parameter READ_DATA bound to: 3'b100 
INFO: [Synth 8-6155] done synthesizing module 'SPI_Slave' (1#1) [D:/Digital_Design/Projects/Project_2/Project Final/SPI_Slave.v:41]
INFO: [Synth 8-6157] synthesizing module 'Single_Port_RAM' [D:/Digital_Design/Projects/Project_2/Project Final/Single_Port_RAM.v:36]
	Parameter MEM_DEPTH bound to: 256 - type: integer 
	Parameter ADDR_SIZE bound to: 8 - type: integer 
	Parameter WRITE_ADDR bound to: 2'b00 
	Parameter WRITE_OPR bound to: 2'b01 
	Parameter READ_ADDR bound to: 2'b10 
	Parameter READ_OPR bound to: 2'b11 
INFO: [Synth 8-226] default block is never used [D:/Digital_Design/Projects/Project_2/Project Final/Single_Port_RAM.v:84]
INFO: [Synth 8-6155] done synthesizing module 'Single_Port_RAM' (2#1) [D:/Digital_Design/Projects/Project_2/Project Final/Single_Port_RAM.v:36]
INFO: [Synth 8-6155] done synthesizing module 'SPI_Slave_Single_Port_RAM' (3#1) [D:/Digital_Design/Projects/Project_2/Project Final/SPI_Slave_Single_Port_RAM.v:29]
---------------------------------------------------------------------------------
Finished RTL Elaboration : Time (s): cpu = 00:00:09 ; elapsed = 00:00:10 . Memory (MB): peak = 469.902 ; gain = 152.266
---------------------------------------------------------------------------------

Report Check Netlist: 
+------+------------------+-------+---------+-------+------------------+
|      |Item              |Errors |Warnings |Status |Description       |
+------+------------------+-------+---------+-------+------------------+
|1     |multi_driven_nets |      0|        0|Passed |Multi driven nets |
+------+------------------+-------+---------+-------+------------------+
---------------------------------------------------------------------------------
Start Handling Custom Attributes
---------------------------------------------------------------------------------
---------------------------------------------------------------------------------
Finished Handling Custom Attributes : Time (s): cpu = 00:00:09 ; elapsed = 00:00:10 . Memory (MB): peak = 469.902 ; gain = 152.266
---------------------------------------------------------------------------------
---------------------------------------------------------------------------------
Finished RTL Optimization Phase 1 : Time (s): cpu = 00:00:09 ; elapsed = 00:00:10 . Memory (MB): peak = 469.902 ; gain = 152.266
---------------------------------------------------------------------------------
INFO: [Device 21-403] Loading part xc7a35ticpg236-1L
INFO: [Project 1-570] Preparing netlist for logic optimization

Processing XDC Constraints
Initializing timing engine
Parsing XDC File [D:/Digital_Design/Projects/Project_2/Project Final/SPI_Slave_Single_Port_RAM.xdc]
Finished Parsing XDC File [D:/Digital_Design/Projects/Project_2/Project Final/SPI_Slave_Single_Port_RAM.xdc]
INFO: [Project 1-236] Implementation specific constraints were found while reading constraint file [D:/Digital_Design/Projects/Project_2/Project Final/SPI_Slave_Single_Port_RAM.xdc]. These constraints will be ignored for synthesis but will be used in implementation. Impacted constraints are listed in the file [.Xil/SPI_Slave_Single_Port_RAM_propImpl.xdc].
Resolution: To avoid this warning, move constraints listed in [.Xil/SPI_Slave_Single_Port_RAM_propImpl.xdc] to another XDC file and exclude this new file from synthesis with the used_in_synthesis property (File Properties dialog in GUI) and re-run elaboration/synthesis.
Completed Processing XDC Constraints

INFO: [Project 1-111] Unisim Transformation Summary:
No Unisim elements were transformed.

Constraint Validation Runtime : Time (s): cpu = 00:00:00 ; elapsed = 00:00:00.008 . Memory (MB): peak = 824.258 ; gain = 0.000
---------------------------------------------------------------------------------
Finished Constraint Validation : Time (s): cpu = 00:01:12 ; elapsed = 00:01:18 . Memory (MB): peak = 824.258 ; gain = 506.621
---------------------------------------------------------------------------------
---------------------------------------------------------------------------------
Start Loading Part and Timing Information
---------------------------------------------------------------------------------
Loading part: xc7a35ticpg236-1L
---------------------------------------------------------------------------------
Finished Loading Part and Timing Information : Time (s): cpu = 00:01:12 ; elapsed = 00:01:18 . Memory (MB): peak = 824.258 ; gain = 506.621
---------------------------------------------------------------------------------
---------------------------------------------------------------------------------
Start Applying 'set_property' XDC Constraints
---------------------------------------------------------------------------------
---------------------------------------------------------------------------------
Finished applying 'set_property' XDC Constraints : Time (s): cpu = 00:01:12 ; elapsed = 00:01:18 . Memory (MB): peak = 824.258 ; gain = 506.621
---------------------------------------------------------------------------------
INFO: [Synth 8-802] inferred FSM for state register 'current_state_reg' in module 'SPI_Slave'
INFO: [Synth 8-5544] ROM "rx_valid" won't be mapped to Block RAM because address size (4) smaller than threshold (5)
INFO: [Synth 8-5544] ROM "next_state" won't be mapped to Block RAM because address size (1) smaller than threshold (5)
INFO: [Synth 8-5544] ROM "next_state" won't be mapped to Block RAM because address size (1) smaller than threshold (5)
INFO: [Synth 8-5544] ROM "next_state" won't be mapped to Block RAM because address size (1) smaller than threshold (5)
---------------------------------------------------------------------------------------------------
                   State |                     New Encoding |                Previous Encoding 
---------------------------------------------------------------------------------------------------
                    IDEL |                              000 |                              000
                 CHK_CMD |                              001 |                              001
               READ_DATA |                              010 |                              100
                READ_ADD |                              011 |                              011
                   WRITE |                              100 |                              010
---------------------------------------------------------------------------------------------------
INFO: [Synth 8-3354] encoded FSM with state register 'current_state_reg' using encoding 'sequential' in module 'SPI_Slave'
---------------------------------------------------------------------------------
Finished RTL Optimization Phase 2 : Time (s): cpu = 00:01:13 ; elapsed = 00:01:19 . Memory (MB): peak = 824.258 ; gain = 506.621
---------------------------------------------------------------------------------

Report RTL Partitions: 
+-+--------------+------------+----------+
| |RTL Partition |Replication |Instances |
+-+--------------+------------+----------+
+-+--------------+------------+----------+
---------------------------------------------------------------------------------
Start RTL Component Statistics 
---------------------------------------------------------------------------------
Detailed RTL Component Info : 
+---Adders : 
	   2 Input      4 Bit       Adders := 2     
+---Registers : 
	               10 Bit    Registers := 2     
	                8 Bit    Registers := 1     
	                4 Bit    Registers := 1     
	                1 Bit    Registers := 5     
+---RAMs : 
	               2K Bit         RAMs := 1     
+---Muxes : 
	   2 Input      4 Bit        Muxes := 4     
	   5 Input      4 Bit        Muxes := 1     
	   5 Input      3 Bit        Muxes := 1     
	   2 Input      3 Bit        Muxes := 4     
	   2 Input      1 Bit        Muxes := 10    
	   5 Input      1 Bit        Muxes := 11    
	   4 Input      1 Bit        Muxes := 5     
---------------------------------------------------------------------------------
Finished RTL Component Statistics 
---------------------------------------------------------------------------------
---------------------------------------------------------------------------------
Start RTL Hierarchical Component Statistics 
---------------------------------------------------------------------------------
Hierarchical RTL Component report 
Module SPI_Slave 
Detailed RTL Component Info : 
+---Adders : 
	   2 Input      4 Bit       Adders := 2     
+---Registers : 
	               10 Bit    Registers := 2     
	                4 Bit    Registers := 1     
	                1 Bit    Registers := 4     
+---Muxes : 
	   2 Input      4 Bit        Muxes := 4     
	   5 Input      4 Bit        Muxes := 1     
	   5 Input      3 Bit        Muxes := 1     
	   2 Input      3 Bit        Muxes := 4     
	   2 Input      1 Bit        Muxes := 10    
	   5 Input      1 Bit        Muxes := 11    
Module Single_Port_RAM 
Detailed RTL Component Info : 
+---Registers : 
	                8 Bit    Registers := 1     
	                1 Bit    Registers := 1     
+---RAMs : 
	               2K Bit         RAMs := 1     
+---Muxes : 
	   4 Input      1 Bit        Muxes := 5     
---------------------------------------------------------------------------------
Finished RTL Hierarchical Component Statistics
---------------------------------------------------------------------------------
---------------------------------------------------------------------------------
Start Part Resource Summary
---------------------------------------------------------------------------------
Part Resources:
DSPs: 90 (col length:60)
BRAMs: 100 (col length: RAMB18 60 RAMB36 30)
---------------------------------------------------------------------------------
Finished Part Resource Summary
---------------------------------------------------------------------------------
---------------------------------------------------------------------------------
Start Cross Boundary and Area Optimization
---------------------------------------------------------------------------------
Warning: Parallel synthesis criteria is not met 
INFO: [Synth 8-3886] merging instance 'SPI_Slave_IN/temp_reg_reg[9]' (FDRE) to 'SPI_Slave_IN/temp_reg_reg[8]'
INFO: [Synth 8-3333] propagating constant 0 across sequential element (\SPI_Slave_IN/temp_reg_reg[8] )
WARNING: [Synth 8-3332] Sequential element (SPI_Slave_IN/temp_reg_reg[8]) is unused and will be removed from module SPI_Slave_Single_Port_RAM.
---------------------------------------------------------------------------------
Finished Cross Boundary and Area Optimization : Time (s): cpu = 00:01:15 ; elapsed = 00:01:21 . Memory (MB): peak = 824.258 ; gain = 506.621
---------------------------------------------------------------------------------
---------------------------------------------------------------------------------
Start ROM, RAM, DSP and Shift Register Reporting
---------------------------------------------------------------------------------

Block RAM: Preliminary Mapping  Report (see note below)
+-----------------+------------+------------------------+---+---+------------------------+---+---+------------------+--------+--------+
|Module Name      | RTL Object | PORT A (Depth x Width) | W | R | PORT B (Depth x Width) | W | R | Ports driving FF | RAMB18 | RAMB36 | 
+-----------------+------------+------------------------+---+---+------------------------+---+---+------------------+--------+--------+
|Single_Port_RAM: | ram_reg    | 256 x 8(READ_FIRST)    | W |   | 256 x 8(WRITE_FIRST)   |   | R | Port A and B     | 1      | 0      | 
+-----------------+------------+------------------------+---+---+------------------------+---+---+------------------+--------+--------+

Note: The tale above is a preliminary report that shows the Block RAMs at the current stage of the synthesis flow. Some Block RAMs may be reimplemented as non Block RAM primitives later in the synthesis flow. Multiple instantiated Block RAMs are reported only once. 
---------------------------------------------------------------------------------
Finished ROM, RAM, DSP and Shift Register Reporting
---------------------------------------------------------------------------------

Report RTL Partitions: 
+-+--------------+------------+----------+
| |RTL Partition |Replication |Instances |
+-+--------------+------------+----------+
+-+--------------+------------+----------+
---------------------------------------------------------------------------------
Start Applying XDC Timing Constraints
---------------------------------------------------------------------------------
---------------------------------------------------------------------------------
Finished Applying XDC Timing Constraints : Time (s): cpu = 00:01:40 ; elapsed = 00:01:48 . Memory (MB): peak = 824.258 ; gain = 506.621
---------------------------------------------------------------------------------
---------------------------------------------------------------------------------
Start Timing Optimization
---------------------------------------------------------------------------------
---------------------------------------------------------------------------------
Finished Timing Optimization : Time (s): cpu = 00:01:40 ; elapsed = 00:01:48 . Memory (MB): peak = 824.258 ; gain = 506.621
---------------------------------------------------------------------------------
---------------------------------------------------------------------------------
Start ROM, RAM, DSP and Shift Register Reporting
---------------------------------------------------------------------------------

Block RAM: Final Mapping  Report
+-----------------+------------+------------------------+---+---+------------------------+---+---+------------------+--------+--------+
|Module Name      | RTL Object | PORT A (Depth x Width) | W | R | PORT B (Depth x Width) | W | R | Ports driving FF | RAMB18 | RAMB36 | 
+-----------------+------------+------------------------+---+---+------------------------+---+---+------------------+--------+--------+
|Single_Port_RAM: | ram_reg    | 256 x 8(READ_FIRST)    | W |   | 256 x 8(WRITE_FIRST)   |   | R | Port A and B     | 1      | 0      | 
+-----------------+------------+------------------------+---+---+------------------------+---+---+------------------+--------+--------+

---------------------------------------------------------------------------------
Finished ROM, RAM, DSP and Shift Register Reporting
---------------------------------------------------------------------------------

Report RTL Partitions: 
+-+--------------+------------+----------+
| |RTL Partition |Replication |Instances |
+-+--------------+------------+----------+
+-+--------------+------------+----------+
---------------------------------------------------------------------------------
Start Technology Mapping
---------------------------------------------------------------------------------
---------------------------------------------------------------------------------
Finished Technology Mapping : Time (s): cpu = 00:01:41 ; elapsed = 00:01:48 . Memory (MB): peak = 839.488 ; gain = 521.852
---------------------------------------------------------------------------------

Report RTL Partitions: 
+-+--------------+------------+----------+
| |RTL Partition |Replication |Instances |
+-+--------------+------------+----------+
+-+--------------+------------+----------+
---------------------------------------------------------------------------------
Start IO Insertion
---------------------------------------------------------------------------------
---------------------------------------------------------------------------------
Start Flattening Before IO Insertion
---------------------------------------------------------------------------------
---------------------------------------------------------------------------------
Finished Flattening Before IO Insertion
---------------------------------------------------------------------------------
---------------------------------------------------------------------------------
Start Final Netlist Cleanup
---------------------------------------------------------------------------------
---------------------------------------------------------------------------------
Finished Final Netlist Cleanup
---------------------------------------------------------------------------------
---------------------------------------------------------------------------------
Finished IO Insertion : Time (s): cpu = 00:01:44 ; elapsed = 00:01:52 . Memory (MB): peak = 839.488 ; gain = 521.852
---------------------------------------------------------------------------------

Report Check Netlist: 
+------+------------------+-------+---------+-------+------------------+
|      |Item              |Errors |Warnings |Status |Description       |
+------+------------------+-------+---------+-------+------------------+
|1     |multi_driven_nets |      0|        0|Passed |Multi driven nets |
+------+------------------+-------+---------+-------+------------------+
---------------------------------------------------------------------------------
Start Renaming Generated Instances
---------------------------------------------------------------------------------
---------------------------------------------------------------------------------
Finished Renaming Generated Instances : Time (s): cpu = 00:01:44 ; elapsed = 00:01:52 . Memory (MB): peak = 839.488 ; gain = 521.852
---------------------------------------------------------------------------------

Report RTL Partitions: 
+-+--------------+------------+----------+
| |RTL Partition |Replication |Instances |
+-+--------------+------------+----------+
+-+--------------+------------+----------+
---------------------------------------------------------------------------------
Start Rebuilding User Hierarchy
---------------------------------------------------------------------------------
---------------------------------------------------------------------------------
Finished Rebuilding User Hierarchy : Time (s): cpu = 00:01:44 ; elapsed = 00:01:52 . Memory (MB): peak = 839.488 ; gain = 521.852
---------------------------------------------------------------------------------
---------------------------------------------------------------------------------
Start Renaming Generated Ports
---------------------------------------------------------------------------------
---------------------------------------------------------------------------------
Finished Renaming Generated Ports : Time (s): cpu = 00:01:44 ; elapsed = 00:01:52 . Memory (MB): peak = 839.488 ; gain = 521.852
---------------------------------------------------------------------------------
---------------------------------------------------------------------------------
Start Handling Custom Attributes
---------------------------------------------------------------------------------
---------------------------------------------------------------------------------
Finished Handling Custom Attributes : Time (s): cpu = 00:01:44 ; elapsed = 00:01:52 . Memory (MB): peak = 839.488 ; gain = 521.852
---------------------------------------------------------------------------------
---------------------------------------------------------------------------------
Start Renaming Generated Nets
---------------------------------------------------------------------------------
---------------------------------------------------------------------------------
Finished Renaming Generated Nets : Time (s): cpu = 00:01:44 ; elapsed = 00:01:52 . Memory (MB): peak = 839.488 ; gain = 521.852
---------------------------------------------------------------------------------
---------------------------------------------------------------------------------
Start Writing Synthesis Report
---------------------------------------------------------------------------------

Report BlackBoxes: 
+-+--------------+----------+
| |BlackBox name |Instances |
+-+--------------+----------+
+-+--------------+----------+

Report Cell Usage: 
+------+-----------+------+
|      |Cell       |Count |
+------+-----------+------+
|1     |BUFG       |     1|
|2     |LUT1       |     1|
|3     |LUT2       |     7|
|4     |LUT3       |     6|
|5     |LUT4       |     6|
|6     |LUT5       |    12|
|7     |LUT6       |    14|
|8     |MUXF7      |     1|
|9     |RAMB18E1_1 |     1|
|10    |FDRE       |    38|
|11    |IBUF       |     4|
|12    |OBUF       |     1|
+------+-----------+------+

Report Instance Areas: 
+------+---------------+----------------+------+
|      |Instance       |Module          |Cells |
+------+---------------+----------------+------+
|1     |top            |                |    92|
|2     |  RAM_IN1      |Single_Port_RAM |    21|
|3     |  SPI_Slave_IN |SPI_Slave       |    65|
+------+---------------+----------------+------+
---------------------------------------------------------------------------------
Finished Writing Synthesis Report : Time (s): cpu = 00:01:44 ; elapsed = 00:01:52 . Memory (MB): peak = 839.488 ; gain = 521.852
---------------------------------------------------------------------------------
Synthesis finished with 0 errors, 0 critical warnings and 1 warnings.
Synthesis Optimization Runtime : Time (s): cpu = 00:00:39 ; elapsed = 00:00:52 . Memory (MB): peak = 839.488 ; gain = 167.496
Synthesis Optimization Complete : Time (s): cpu = 00:01:44 ; elapsed = 00:01:52 . Memory (MB): peak = 839.488 ; gain = 521.852
INFO: [Project 1-571] Translating synthesized netlist
INFO: [Netlist 29-17] Analyzing 6 Unisim elements for replacement
INFO: [Netlist 29-28] Unisim Transformation completed in 1 CPU seconds
INFO: [Project 1-570] Preparing netlist for logic optimization
INFO: [Opt 31-138] Pushed 0 inverter(s) to 0 load pin(s).
INFO: [Project 1-111] Unisim Transformation Summary:
No Unisim elements were transformed.

INFO: [Common 17-83] Releasing license: Synthesis
27 Infos, 1 Warnings, 0 Critical Warnings and 0 Errors encountered.
synth_design completed successfully
synth_design: Time (s): cpu = 00:01:48 ; elapsed = 00:01:57 . Memory (MB): peak = 841.676 ; gain = 537.090
WARNING: [Constraints 18-5210] No constraint will be written out.
INFO: [Common 17-1381] The checkpoint 'D:/Digital_Design/Projects/Project_2/Project Final/synth_1/SPI_Slave_Single_Port_RAM.dcp' has been generated.
INFO: [runtcl-4] Executing : report_utilization -file SPI_Slave_Single_Port_RAM_utilization_synth.rpt -pb SPI_Slave_Single_Port_RAM_utilization_synth.pb
report_utilization: Time (s): cpu = 00:00:00 ; elapsed = 00:00:00.096 . Memory (MB): peak = 841.676 ; gain = 0.000
INFO: [Common 17-206] Exiting Vivado at Sun Aug  9 13:37:32 2026...
